[2024-03-31T23:11:19.003-0500][0.003s] CardTable entry size: 512
[2024-03-31T23:11:19.003-0500][0.003s] Using G1
[2024-03-31T23:11:19.044-0500][0.044s] Version: 22+36-2370 (release)
[2024-03-31T23:11:19.044-0500][0.044s] CPUs: 8 total, 8 available
[2024-03-31T23:11:19.044-0500][0.044s] Memory: 16384M
[2024-03-31T23:11:19.044-0500][0.044s] Large Page Support: Disabled
[2024-03-31T23:11:19.044-0500][0.044s] NUMA Support: Disabled
[2024-03-31T23:11:19.044-0500][0.044s] Compressed Oops: Enabled (Zero based)
[2024-03-31T23:11:19.044-0500][0.044s] Heap Region Size: 1M
[2024-03-31T23:11:19.044-0500][0.044s] Heap Min Capacity: 512M
[2024-03-31T23:11:19.044-0500][0.044s] Heap Initial Capacity: 512M
[2024-03-31T23:11:19.044-0500][0.044s] Heap Max Capacity: 512M
[2024-03-31T23:11:19.044-0500][0.044s] Pre-touch: Enabled
[2024-03-31T23:11:19.044-0500][0.044s] Parallel Workers: 8
[2024-03-31T23:11:19.044-0500][0.044s] Concurrent Workers: 2
[2024-03-31T23:11:19.044-0500][0.044s] Concurrent Refinement Workers: 8
[2024-03-31T23:11:19.044-0500][0.044s] Periodic GC: Disabled
[2024-03-31T23:11:19.049-0500][0.049s] CDS archive(s) mapped at: [0x0000078000000000-0x0000078000c70000-0x0000078000c70000), size 13041664, SharedBaseAddress: 0x0000078000000000, ArchiveRelocationMode: 1.
[2024-03-31T23:11:19.049-0500][0.049s] Compressed class space mapped at: 0x0000078001000000-0x0000078041000000, reserved size: 1073741824
[2024-03-31T23:11:19.049-0500][0.049s] Narrow klass base: 0x0000078000000000, Narrow klass shift: 0, Narrow klass range: 0x100000000
[2024-03-31T23:11:19.317-0500][0.317s] GC(0) Pause Young (Normal) (G1 Evacuation Pause)
[2024-03-31T23:11:19.317-0500][0.317s] GC(0) Using 8 workers of 8 for evacuation
[2024-03-31T23:11:19.318-0500][0.318s] GC(0)   Pre Evacuate Collection Set: 0.08ms
[2024-03-31T23:11:19.318-0500][0.318s] GC(0)   Merge Heap Roots: 0.04ms
[2024-03-31T23:11:19.318-0500][0.318s] GC(0)   Evacuate Collection Set: 0.88ms
[2024-03-31T23:11:19.318-0500][0.318s] GC(0)   Post Evacuate Collection Set: 0.13ms
[2024-03-31T23:11:19.318-0500][0.318s] GC(0)   Other: 0.17ms
[2024-03-31T23:11:19.318-0500][0.318s] GC(0) Eden regions: 30->0(68)
[2024-03-31T23:11:19.318-0500][0.318s] GC(0) Survivor regions: 0->3(4)
[2024-03-31T23:11:19.318-0500][0.318s] GC(0) Old regions: 2->2
[2024-03-31T23:11:19.318-0500][0.318s] GC(0) Humongous regions: 0->0
[2024-03-31T23:11:19.318-0500][0.318s] GC(0) Metaspace: 6527K(6720K)->6527K(6720K) NonClass: 5761K(5888K)->5761K(5888K) Class: 766K(832K)->766K(832K)
[2024-03-31T23:11:19.318-0500][0.318s] GC(0) Pause Young (Normal) (G1 Evacuation Pause) 31M->3M(512M) 1.468ms
[2024-03-31T23:11:19.318-0500][0.318s] GC(0) User=0.00s Sys=0.00s Real=0.00s
[2024-03-31T23:11:19.757-0500][0.756s] GC(1) Pause Young (Normal) (G1 Evacuation Pause)
[2024-03-31T23:11:19.757-0500][0.756s] GC(1) Using 8 workers of 8 for evacuation
[2024-03-31T23:11:19.761-0500][0.761s] GC(1)   Pre Evacuate Collection Set: 0.09ms
[2024-03-31T23:11:19.761-0500][0.761s] GC(1)   Merge Heap Roots: 0.04ms
[2024-03-31T23:11:19.762-0500][0.761s] GC(1)   Evacuate Collection Set: 4.45ms
[2024-03-31T23:11:19.762-0500][0.761s] GC(1)   Post Evacuate Collection Set: 0.26ms
[2024-03-31T23:11:19.762-0500][0.761s] GC(1)   Other: 0.05ms
[2024-03-31T23:11:19.762-0500][0.761s] GC(1) Eden regions: 68->0(152)
[2024-03-31T23:11:19.762-0500][0.761s] GC(1) Survivor regions: 3->9(9)
[2024-03-31T23:11:19.762-0500][0.761s] GC(1) Old regions: 2->8
[2024-03-31T23:11:19.762-0500][0.761s] GC(1) Humongous regions: 4->4
[2024-03-31T23:11:19.762-0500][0.761s] GC(1) Metaspace: 19162K(19584K)->19162K(19584K) NonClass: 16880K(17152K)->16880K(17152K) Class: 2282K(2432K)->2282K(2432K)
[2024-03-31T23:11:19.762-0500][0.761s] GC(1) Pause Young (Normal) (G1 Evacuation Pause) 75M->19M(512M) 5.035ms
[2024-03-31T23:11:19.762-0500][0.761s] GC(1) User=0.03s Sys=0.00s Real=0.01s
[2024-03-31T23:11:19.973-0500][0.973s] GC(2) Pause Young (Normal) (G1 Evacuation Pause)
[2024-03-31T23:11:19.973-0500][0.973s] GC(2) Using 8 workers of 8 for evacuation
[2024-03-31T23:11:19.978-0500][0.977s] GC(2)   Pre Evacuate Collection Set: 0.10ms
[2024-03-31T23:11:19.978-0500][0.977s] GC(2)   Merge Heap Roots: 0.06ms
[2024-03-31T23:11:19.978-0500][0.978s] GC(2)   Evacuate Collection Set: 3.88ms
[2024-03-31T23:11:19.978-0500][0.978s] GC(2)   Post Evacuate Collection Set: 0.36ms
[2024-03-31T23:11:19.978-0500][0.978s] GC(2)   Other: 0.06ms
[2024-03-31T23:11:19.978-0500][0.978s] GC(2) Eden regions: 133->0(292)
[2024-03-31T23:11:19.978-0500][0.978s] GC(2) Survivor regions: 9->15(18)
[2024-03-31T23:11:19.978-0500][0.978s] GC(2) Old regions: 8->8
[2024-03-31T23:11:19.978-0500][0.978s] GC(2) Humongous regions: 4->4
[2024-03-31T23:11:19.978-0500][0.978s] GC(2) Metaspace: 19320K(19776K)->19320K(19776K) NonClass: 17034K(17280K)->17034K(17280K) Class: 2285K(2496K)->2285K(2496K)
[2024-03-31T23:11:19.978-0500][0.978s] GC(2) Pause Young (Normal) (G1 Evacuation Pause) 152M->24M(512M) 4.641ms
[2024-03-31T23:11:19.978-0500][0.978s] GC(2) User=0.03s Sys=0.00s Real=0.00s
[2024-03-31T23:11:20.091-0500][1.091s] GC(3) Pause Young (Concurrent Start) (Metadata GC Threshold)
[2024-03-31T23:11:20.091-0500][1.091s] GC(3) Using 8 workers of 8 for evacuation
[2024-03-31T23:11:20.094-0500][1.094s] GC(3)   Pre Evacuate Collection Set: 0.11ms
[2024-03-31T23:11:20.094-0500][1.094s] GC(3)   Merge Heap Roots: 0.04ms
[2024-03-31T23:11:20.094-0500][1.094s] GC(3)   Evacuate Collection Set: 2.35ms
[2024-03-31T23:11:20.094-0500][1.094s] GC(3)   Post Evacuate Collection Set: 0.24ms
[2024-03-31T23:11:20.094-0500][1.094s] GC(3)   Other: 0.05ms
[2024-03-31T23:11:20.094-0500][1.094s] GC(3) Eden regions: 44->0(292)
[2024-03-31T23:11:20.094-0500][1.094s] GC(3) Survivor regions: 15->15(39)
[2024-03-31T23:11:20.094-0500][1.094s] GC(3) Old regions: 8->8
[2024-03-31T23:11:20.094-0500][1.094s] GC(3) Humongous regions: 4->4
[2024-03-31T23:11:20.094-0500][1.094s] GC(3) Metaspace: 21125K(21504K)->21125K(21504K) NonClass: 18610K(18816K)->18610K(18816K) Class: 2515K(2688K)->2515K(2688K)
[2024-03-31T23:11:20.094-0500][1.094s] GC(3) Pause Young (Concurrent Start) (Metadata GC Threshold) 67M->25M(512M) 2.940ms
[2024-03-31T23:11:20.094-0500][1.094s] GC(4) Concurrent Mark Cycle
[2024-03-31T23:11:20.094-0500][1.094s] GC(3) User=0.02s Sys=0.00s Real=0.00s
[2024-03-31T23:11:20.094-0500][1.094s] GC(4) Concurrent Scan Root Regions
[2024-03-31T23:11:20.096-0500][1.096s] GC(4) Concurrent Scan Root Regions 1.925ms
[2024-03-31T23:11:20.096-0500][1.096s] GC(4) Concurrent Mark
[2024-03-31T23:11:20.096-0500][1.096s] GC(4) Concurrent Mark From Roots
[2024-03-31T23:11:20.096-0500][1.096s] GC(4) Using 2 workers of 2 for marking
[2024-03-31T23:11:20.099-0500][1.098s] GC(4) Concurrent Mark From Roots 2.708ms
[2024-03-31T23:11:20.099-0500][1.098s] GC(4) Concurrent Preclean
[2024-03-31T23:11:20.099-0500][1.098s] GC(4) Concurrent Preclean 0.007ms
[2024-03-31T23:11:20.099-0500][1.099s] GC(4) Pause Remark
[2024-03-31T23:11:20.100-0500][1.100s] GC(4) Pause Remark 26M->26M(512M) 1.118ms
[2024-03-31T23:11:20.100-0500][1.100s] GC(4) User=0.00s Sys=0.00s Real=0.01s
[2024-03-31T23:11:20.100-0500][1.100s] GC(4) Concurrent Mark 3.934ms
[2024-03-31T23:11:20.100-0500][1.100s] GC(4) Concurrent Rebuild Remembered Sets and Scrub Regions
[2024-03-31T23:11:20.101-0500][1.101s] GC(4) Concurrent Rebuild Remembered Sets and Scrub Regions 1.571ms
[2024-03-31T23:11:20.101-0500][1.101s] GC(4) Pause Cleanup
[2024-03-31T23:11:20.101-0500][1.101s] GC(4) Pause Cleanup 26M->26M(512M) 0.052ms
[2024-03-31T23:11:20.101-0500][1.101s] GC(4) User=0.00s Sys=0.00s Real=0.00s
[2024-03-31T23:11:20.101-0500][1.101s] GC(4) Concurrent Clear Claimed Marks
[2024-03-31T23:11:20.101-0500][1.101s] GC(4) Concurrent Clear Claimed Marks 0.017ms
[2024-03-31T23:11:20.101-0500][1.101s] GC(4) Concurrent Cleanup for Next Mark
[2024-03-31T23:11:20.102-0500][1.102s] GC(4) Concurrent Cleanup for Next Mark 0.445ms
[2024-03-31T23:11:20.102-0500][1.102s] GC(4) Concurrent Mark Cycle 8.069ms
[2024-03-31T23:11:20.652-0500][1.652s] GC(5) Pause Young (Prepare Mixed) (Metadata GC Threshold)
[2024-03-31T23:11:20.652-0500][1.652s] GC(5) Using 8 workers of 8 for evacuation
[2024-03-31T23:11:20.657-0500][1.657s] GC(5)   Pre Evacuate Collection Set: 0.12ms
[2024-03-31T23:11:20.657-0500][1.657s] GC(5)   Merge Heap Roots: 0.04ms
[2024-03-31T23:11:20.657-0500][1.657s] GC(5)   Evacuate Collection Set: 4.23ms
[2024-03-31T23:11:20.657-0500][1.657s] GC(5)   Post Evacuate Collection Set: 0.42ms
[2024-03-31T23:11:20.657-0500][1.657s] GC(5)   Other: 0.05ms
[2024-03-31T23:11:20.657-0500][1.657s] GC(5) Eden regions: 105->0(287)
[2024-03-31T23:11:20.657-0500][1.657s] GC(5) Survivor regions: 15->20(39)
[2024-03-31T23:11:20.657-0500][1.657s] GC(5) Old regions: 8->8
[2024-03-31T23:11:20.657-0500][1.657s] GC(5) Humongous regions: 4->4
[2024-03-31T23:11:20.657-0500][1.657s] GC(5) Metaspace: 35502K(35968K)->35502K(35968K) NonClass: 31204K(31424K)->31204K(31424K) Class: 4298K(4544K)->4298K(4544K)
[2024-03-31T23:11:20.657-0500][1.657s] GC(5) Pause Young (Prepare Mixed) (Metadata GC Threshold) 129M->29M(512M) 5.009ms
[2024-03-31T23:11:20.657-0500][1.657s] GC(5) User=0.04s Sys=0.00s Real=0.00s
[2024-03-31T23:11:20.671-0500][1.670s] GC(6) Pause Young (Mixed) (Metadata GC Threshold)
[2024-03-31T23:11:20.671-0500][1.670s] GC(6) Using 8 workers of 8 for evacuation
[2024-03-31T23:11:20.674-0500][1.674s] GC(6)   Pre Evacuate Collection Set: 0.11ms
[2024-03-31T23:11:20.674-0500][1.674s] GC(6)   Merge Heap Roots: 0.03ms
[2024-03-31T23:11:20.674-0500][1.674s] GC(6)   Evacuate Collection Set: 3.36ms
[2024-03-31T23:11:20.674-0500][1.674s] GC(6)   Post Evacuate Collection Set: 0.30ms
[2024-03-31T23:11:20.674-0500][1.674s] GC(6)   Other: 0.05ms
[2024-03-31T23:11:20.674-0500][1.674s] GC(6) Eden regions: 3->0(287)
[2024-03-31T23:11:20.674-0500][1.674s] GC(6) Survivor regions: 20->20(39)
[2024-03-31T23:11:20.674-0500][1.674s] GC(6) Old regions: 8->7
[2024-03-31T23:11:20.674-0500][1.674s] GC(6) Humongous regions: 4->4
[2024-03-31T23:11:20.674-0500][1.674s] GC(6) Metaspace: 35785K(36288K)->35785K(36288K) NonClass: 31443K(31744K)->31443K(31744K) Class: 4342K(4544K)->4342K(4544K)
[2024-03-31T23:11:20.674-0500][1.674s] GC(6) Pause Young (Mixed) (Metadata GC Threshold) 32M->30M(512M) 3.985ms
[2024-03-31T23:11:20.675-0500][1.674s] GC(6) User=0.03s Sys=0.01s Real=0.00s
[2024-03-31T23:11:20.711-0500][1.711s] GC(7) Pause Young (Concurrent Start) (Metadata GC Threshold)
[2024-03-31T23:11:20.711-0500][1.711s] GC(7) Using 8 workers of 8 for evacuation
[2024-03-31T23:11:20.715-0500][1.714s] GC(7)   Pre Evacuate Collection Set: 0.09ms
[2024-03-31T23:11:20.715-0500][1.714s] GC(7)   Merge Heap Roots: 0.04ms
[2024-03-31T23:11:20.715-0500][1.714s] GC(7)   Evacuate Collection Set: 3.31ms
[2024-03-31T23:11:20.715-0500][1.714s] GC(7)   Post Evacuate Collection Set: 0.35ms
[2024-03-31T23:11:20.715-0500][1.714s] GC(7)   Other: 0.06ms
[2024-03-31T23:11:20.715-0500][1.714s] GC(7) Eden regions: 13->0(286)
[2024-03-31T23:11:20.715-0500][1.714s] GC(7) Survivor regions: 20->21(39)
[2024-03-31T23:11:20.715-0500][1.715s] GC(7) Old regions: 7->7
[2024-03-31T23:11:20.715-0500][1.715s] GC(7) Humongous regions: 4->4
[2024-03-31T23:11:20.715-0500][1.715s] GC(7) Metaspace: 36175K(36608K)->36175K(36608K) NonClass: 31776K(32000K)->31776K(32000K) Class: 4399K(4608K)->4399K(4608K)
[2024-03-31T23:11:20.715-0500][1.715s] GC(7) Pause Young (Concurrent Start) (Metadata GC Threshold) 43M->31M(512M) 3.985ms
[2024-03-31T23:11:20.715-0500][1.715s] GC(8) Concurrent Mark Cycle
[2024-03-31T23:11:20.715-0500][1.715s] GC(7) User=0.03s Sys=0.00s Real=0.00s
[2024-03-31T23:11:20.715-0500][1.715s] GC(8) Concurrent Scan Root Regions
[2024-03-31T23:11:20.718-0500][1.717s] GC(8) Concurrent Scan Root Regions 2.877ms
[2024-03-31T23:11:20.718-0500][1.717s] GC(8) Concurrent Mark
[2024-03-31T23:11:20.718-0500][1.717s] GC(8) Concurrent Mark From Roots
[2024-03-31T23:11:20.718-0500][1.717s] GC(8) Using 2 workers of 2 for marking
[2024-03-31T23:11:20.720-0500][1.720s] GC(8) Concurrent Mark From Roots 2.651ms
[2024-03-31T23:11:20.720-0500][1.720s] GC(8) Concurrent Preclean
[2024-03-31T23:11:20.720-0500][1.720s] GC(8) Concurrent Preclean 0.009ms
[2024-03-31T23:11:20.720-0500][1.720s] GC(8) Pause Remark
[2024-03-31T23:11:20.722-0500][1.722s] GC(8) Pause Remark 32M->32M(512M) 1.736ms
[2024-03-31T23:11:20.722-0500][1.722s] GC(8) User=0.01s Sys=0.00s Real=0.00s
[2024-03-31T23:11:20.722-0500][1.722s] GC(8) Concurrent Mark 4.561ms
[2024-03-31T23:11:20.722-0500][1.722s] GC(8) Concurrent Rebuild Remembered Sets and Scrub Regions
[2024-03-31T23:11:20.724-0500][1.724s] GC(8) Concurrent Rebuild Remembered Sets and Scrub Regions 1.626ms
[2024-03-31T23:11:20.724-0500][1.724s] GC(8) Pause Cleanup
[2024-03-31T23:11:20.724-0500][1.724s] GC(8) Pause Cleanup 32M->32M(512M) 0.056ms
[2024-03-31T23:11:20.724-0500][1.724s] GC(8) User=0.00s Sys=0.00s Real=0.00s
[2024-03-31T23:11:20.724-0500][1.724s] GC(8) Concurrent Clear Claimed Marks
[2024-03-31T23:11:20.724-0500][1.724s] GC(8) Concurrent Clear Claimed Marks 0.022ms
[2024-03-31T23:11:20.724-0500][1.724s] GC(8) Concurrent Cleanup for Next Mark
[2024-03-31T23:11:20.724-0500][1.724s] GC(8) Concurrent Cleanup for Next Mark 0.224ms
[2024-03-31T23:11:20.724-0500][1.724s] GC(8) Concurrent Mark Cycle 9.537ms
[2024-03-31T23:11:59.834-0500][40.835s] Heap
[2024-03-31T23:11:59.834-0500][40.835s]  garbage-first heap   total reserved 524288K, committed 524288K, used 310270K [0x00000007e0000000, 0x0000000800000000)
[2024-03-31T23:11:59.834-0500][40.835s]   region size 1024K, 292 young (299008K), 21 survivors (21504K)
[2024-03-31T23:11:59.834-0500][40.835s]  Metaspace       used 44705K, committed 45248K, reserved 1114112K
[2024-03-31T23:11:59.834-0500][40.835s]   class space    used 5584K, committed 5824K, reserved 1048576K
