[2024-03-31T23:07:05.950-0500][0.012s] CardTable entry size: 512
[2024-03-31T23:07:05.950-0500][0.012s] Using G1
[2024-03-31T23:07:06.041-0500][0.103s] Version: 22+36-2370 (release)
[2024-03-31T23:07:06.041-0500][0.103s] CPUs: 8 total, 8 available
[2024-03-31T23:07:06.041-0500][0.103s] Memory: 16384M
[2024-03-31T23:07:06.041-0500][0.103s] Large Page Support: Disabled
[2024-03-31T23:07:06.041-0500][0.103s] NUMA Support: Disabled
[2024-03-31T23:07:06.041-0500][0.103s] Compressed Oops: Enabled (Zero based)
[2024-03-31T23:07:06.041-0500][0.103s] Heap Region Size: 1M
[2024-03-31T23:07:06.041-0500][0.103s] Heap Min Capacity: 512M
[2024-03-31T23:07:06.041-0500][0.103s] Heap Initial Capacity: 512M
[2024-03-31T23:07:06.041-0500][0.103s] Heap Max Capacity: 512M
[2024-03-31T23:07:06.041-0500][0.103s] Pre-touch: Enabled
[2024-03-31T23:07:06.041-0500][0.103s] Parallel Workers: 8
[2024-03-31T23:07:06.041-0500][0.103s] Concurrent Workers: 2
[2024-03-31T23:07:06.041-0500][0.103s] Concurrent Refinement Workers: 8
[2024-03-31T23:07:06.041-0500][0.103s] Periodic GC: Disabled
[2024-03-31T23:07:06.047-0500][0.109s] CDS archive(s) mapped at: [0x00000ffc00000000-0x00000ffc00c70000-0x00000ffc00c70000), size 13041664, SharedBaseAddress: 0x00000ffc00000000, ArchiveRelocationMode: 1.
[2024-03-31T23:07:06.047-0500][0.109s] Compressed class space mapped at: 0x00000ffc01000000-0x00000ffc41000000, reserved size: 1073741824
[2024-03-31T23:07:06.047-0500][0.109s] Narrow klass base: 0x00000ffc00000000, Narrow klass shift: 0, Narrow klass range: 0x100000000
[2024-03-31T23:07:52.139-0500][46.202s] GC(0) Pause Young (Normal) (G1 Evacuation Pause)
[2024-03-31T23:07:52.139-0500][46.202s] GC(0) Using 8 workers of 8 for evacuation
[2024-03-31T23:07:52.140-0500][46.203s] GC(0)   Pre Evacuate Collection Set: 0.11ms
[2024-03-31T23:07:52.140-0500][46.203s] GC(0)   Merge Heap Roots: 0.05ms
[2024-03-31T23:07:52.140-0500][46.203s] GC(0)   Evacuate Collection Set: 0.90ms
[2024-03-31T23:07:52.140-0500][46.203s] GC(0)   Post Evacuate Collection Set: 0.15ms
[2024-03-31T23:07:52.140-0500][46.203s] GC(0)   Other: 0.18ms
[2024-03-31T23:07:52.140-0500][46.203s] GC(0) Eden regions: 30->0(69)
[2024-03-31T23:07:52.140-0500][46.203s] GC(0) Survivor regions: 0->3(4)
[2024-03-31T23:07:52.140-0500][46.203s] GC(0) Old regions: 2->2
[2024-03-31T23:07:52.140-0500][46.203s] GC(0) Humongous regions: 0->0
[2024-03-31T23:07:52.140-0500][46.203s] GC(0) Metaspace: 7271K(7488K)->7271K(7488K) NonClass: 6409K(6528K)->6409K(6528K) Class: 862K(960K)->862K(960K)
[2024-03-31T23:07:52.140-0500][46.203s] GC(0) Pause Young (Normal) (G1 Evacuation Pause) 31M->3M(512M) 1.598ms
[2024-03-31T23:07:52.140-0500][46.203s] GC(0) User=0.00s Sys=0.00s Real=0.01s
[2024-03-31T23:07:57.544-0500][51.607s] GC(1) Pause Young (Normal) (G1 Evacuation Pause)
[2024-03-31T23:07:57.544-0500][51.607s] GC(1) Using 8 workers of 8 for evacuation
[2024-03-31T23:07:57.554-0500][51.617s] GC(1)   Pre Evacuate Collection Set: 0.34ms
[2024-03-31T23:07:57.554-0500][51.617s] GC(1)   Merge Heap Roots: 0.08ms
[2024-03-31T23:07:57.554-0500][51.617s] GC(1)   Evacuate Collection Set: 8.77ms
[2024-03-31T23:07:57.554-0500][51.617s] GC(1)   Post Evacuate Collection Set: 0.35ms
[2024-03-31T23:07:57.554-0500][51.617s] GC(1)   Other: 0.06ms
[2024-03-31T23:07:57.554-0500][51.617s] GC(1) Eden regions: 69->0(107)
[2024-03-31T23:07:57.554-0500][51.617s] GC(1) Survivor regions: 3->9(9)
[2024-03-31T23:07:57.554-0500][51.617s] GC(1) Old regions: 2->8
[2024-03-31T23:07:57.554-0500][51.617s] GC(1) Humongous regions: 4->4
[2024-03-31T23:07:57.554-0500][51.617s] GC(1) Metaspace: 19210K(19584K)->19210K(19584K) NonClass: 16928K(17152K)->16928K(17152K) Class: 2282K(2432K)->2282K(2432K)
[2024-03-31T23:07:57.554-0500][51.617s] GC(1) Pause Young (Normal) (G1 Evacuation Pause) 76M->19M(512M) 9.887ms
[2024-03-31T23:07:57.554-0500][51.617s] GC(1) User=0.03s Sys=0.01s Real=0.01s
[2024-03-31T23:09:53.265-0500][167.330s] GC(2) Pause Young (Normal) (G1 Evacuation Pause)
[2024-03-31T23:09:53.265-0500][167.330s] GC(2) Using 8 workers of 8 for evacuation
[2024-03-31T23:09:53.270-0500][167.335s] GC(2)   Pre Evacuate Collection Set: 0.10ms
[2024-03-31T23:09:53.270-0500][167.335s] GC(2)   Merge Heap Roots: 0.06ms
[2024-03-31T23:09:53.270-0500][167.335s] GC(2)   Evacuate Collection Set: 4.35ms
[2024-03-31T23:09:53.270-0500][167.335s] GC(2)   Post Evacuate Collection Set: 0.41ms
[2024-03-31T23:09:53.270-0500][167.335s] GC(2)   Other: 0.06ms
[2024-03-31T23:09:53.270-0500][167.335s] GC(2) Eden regions: 105->0(295)
[2024-03-31T23:09:53.270-0500][167.335s] GC(2) Survivor regions: 9->12(15)
[2024-03-31T23:09:53.270-0500][167.335s] GC(2) Old regions: 8->10
[2024-03-31T23:09:53.270-0500][167.335s] GC(2) Humongous regions: 4->4
[2024-03-31T23:09:53.270-0500][167.335s] GC(2) Metaspace: 19355K(19776K)->19355K(19776K) NonClass: 17070K(17280K)->17070K(17280K) Class: 2285K(2496K)->2285K(2496K)
[2024-03-31T23:09:53.270-0500][167.335s] GC(2) Pause Young (Normal) (G1 Evacuation Pause) 124M->24M(512M) 5.127ms
[2024-03-31T23:09:53.270-0500][167.335s] GC(2) User=0.02s Sys=0.01s Real=0.01s
[2024-03-31T23:09:54.675-0500][168.740s] GC(3) Pause Young (Concurrent Start) (Metadata GC Threshold)
[2024-03-31T23:09:54.675-0500][168.740s] GC(3) Using 8 workers of 8 for evacuation
[2024-03-31T23:09:54.678-0500][168.743s] GC(3)   Pre Evacuate Collection Set: 0.17ms
[2024-03-31T23:09:54.678-0500][168.743s] GC(3)   Merge Heap Roots: 0.06ms
[2024-03-31T23:09:54.678-0500][168.743s] GC(3)   Evacuate Collection Set: 2.38ms
[2024-03-31T23:09:54.678-0500][168.743s] GC(3)   Post Evacuate Collection Set: 0.26ms
[2024-03-31T23:09:54.678-0500][168.743s] GC(3)   Other: 0.08ms
[2024-03-31T23:09:54.678-0500][168.743s] GC(3) Eden regions: 39->0(294)
[2024-03-31T23:09:54.678-0500][168.743s] GC(3) Survivor regions: 12->13(39)
[2024-03-31T23:09:54.678-0500][168.743s] GC(3) Old regions: 10->10
[2024-03-31T23:09:54.678-0500][168.743s] GC(3) Humongous regions: 4->4
[2024-03-31T23:09:54.678-0500][168.743s] GC(3) Metaspace: 21127K(21504K)->21127K(21504K) NonClass: 18618K(18816K)->18618K(18816K) Class: 2508K(2688K)->2508K(2688K)
[2024-03-31T23:09:54.678-0500][168.743s] GC(3) Pause Young (Concurrent Start) (Metadata GC Threshold) 62M->25M(512M) 3.137ms
[2024-03-31T23:09:54.678-0500][168.743s] GC(4) Concurrent Mark Cycle
[2024-03-31T23:09:54.678-0500][168.743s] GC(3) User=0.02s Sys=0.00s Real=0.00s
[2024-03-31T23:09:54.678-0500][168.743s] GC(4) Concurrent Scan Root Regions
[2024-03-31T23:09:54.681-0500][168.746s] GC(4) Concurrent Scan Root Regions 2.621ms
[2024-03-31T23:09:54.681-0500][168.746s] GC(4) Concurrent Mark
[2024-03-31T23:09:54.681-0500][168.746s] GC(4) Concurrent Mark From Roots
[2024-03-31T23:09:54.681-0500][168.746s] GC(4) Using 2 workers of 2 for marking
[2024-03-31T23:09:54.686-0500][168.751s] GC(4) Concurrent Mark From Roots 4.985ms
[2024-03-31T23:09:54.686-0500][168.751s] GC(4) Concurrent Preclean
[2024-03-31T23:09:54.686-0500][168.751s] GC(4) Concurrent Preclean 0.017ms
[2024-03-31T23:09:54.686-0500][168.751s] GC(4) Pause Remark
[2024-03-31T23:09:54.687-0500][168.752s] GC(4) Pause Remark 27M->27M(512M) 1.255ms
[2024-03-31T23:09:54.687-0500][168.752s] GC(4) User=0.00s Sys=0.00s Real=0.00s
[2024-03-31T23:09:54.687-0500][168.752s] GC(4) Concurrent Mark 6.411ms
[2024-03-31T23:09:54.687-0500][168.752s] GC(4) Concurrent Rebuild Remembered Sets and Scrub Regions
[2024-03-31T23:09:54.689-0500][168.755s] GC(4) Concurrent Rebuild Remembered Sets and Scrub Regions 2.228ms
[2024-03-31T23:09:54.689-0500][168.755s] GC(4) Pause Cleanup
[2024-03-31T23:09:54.689-0500][168.755s] GC(4) Pause Cleanup 28M->28M(512M) 0.068ms
[2024-03-31T23:09:54.689-0500][168.755s] GC(4) User=0.00s Sys=0.00s Real=0.00s
[2024-03-31T23:09:54.689-0500][168.755s] GC(4) Concurrent Clear Claimed Marks
[2024-03-31T23:09:54.690-0500][168.755s] GC(4) Concurrent Clear Claimed Marks 0.037ms
[2024-03-31T23:09:54.690-0500][168.755s] GC(4) Concurrent Cleanup for Next Mark
[2024-03-31T23:09:54.690-0500][168.755s] GC(4) Concurrent Cleanup for Next Mark 0.483ms
[2024-03-31T23:09:54.690-0500][168.755s] GC(4) Concurrent Mark Cycle 12.067ms
[2024-03-31T23:09:56.158-0500][170.223s] GC(5) Pause Young (Prepare Mixed) (Metadata GC Threshold)
[2024-03-31T23:09:56.158-0500][170.223s] GC(5) Using 8 workers of 8 for evacuation
[2024-03-31T23:09:56.163-0500][170.228s] GC(5)   Pre Evacuate Collection Set: 0.14ms
[2024-03-31T23:09:56.163-0500][170.228s] GC(5)   Merge Heap Roots: 0.06ms
[2024-03-31T23:09:56.163-0500][170.228s] GC(5)   Evacuate Collection Set: 4.37ms
[2024-03-31T23:09:56.163-0500][170.228s] GC(5)   Post Evacuate Collection Set: 0.31ms
[2024-03-31T23:09:56.163-0500][170.228s] GC(5)   Other: 0.07ms
[2024-03-31T23:09:56.163-0500][170.228s] GC(5) Eden regions: 139->0(290)
[2024-03-31T23:09:56.163-0500][170.228s] GC(5) Survivor regions: 13->17(39)
[2024-03-31T23:09:56.163-0500][170.228s] GC(5) Old regions: 10->10
[2024-03-31T23:09:56.163-0500][170.228s] GC(5) Humongous regions: 4->4
[2024-03-31T23:09:56.163-0500][170.228s] GC(5) Metaspace: 35737K(36160K)->35737K(36160K) NonClass: 31409K(31616K)->31409K(31616K) Class: 4328K(4544K)->4328K(4544K)
[2024-03-31T23:09:56.163-0500][170.228s] GC(5) Pause Young (Prepare Mixed) (Metadata GC Threshold) 163M->29M(512M) 5.120ms
[2024-03-31T23:09:56.163-0500][170.228s] GC(5) User=0.03s Sys=0.00s Real=0.01s
[2024-03-31T23:09:56.186-0500][170.252s] GC(6) Pause Young (Mixed) (Metadata GC Threshold)
[2024-03-31T23:09:56.186-0500][170.252s] GC(6) Using 8 workers of 8 for evacuation
[2024-03-31T23:09:56.190-0500][170.255s] GC(6)   Pre Evacuate Collection Set: 0.12ms
[2024-03-31T23:09:56.190-0500][170.255s] GC(6)   Merge Heap Roots: 0.04ms
[2024-03-31T23:09:56.190-0500][170.255s] GC(6)   Evacuate Collection Set: 3.02ms
[2024-03-31T23:09:56.190-0500][170.255s] GC(6)   Post Evacuate Collection Set: 0.32ms
[2024-03-31T23:09:56.190-0500][170.255s] GC(6)   Other: 0.04ms
[2024-03-31T23:09:56.190-0500][170.255s] GC(6) Eden regions: 5->0(288)
[2024-03-31T23:09:56.190-0500][170.255s] GC(6) Survivor regions: 17->19(39)
[2024-03-31T23:09:56.190-0500][170.255s] GC(6) Old regions: 10->9
[2024-03-31T23:09:56.190-0500][170.255s] GC(6) Humongous regions: 4->4
[2024-03-31T23:09:56.190-0500][170.255s] GC(6) Metaspace: 35982K(36480K)->35982K(36480K) NonClass: 31626K(31872K)->31626K(31872K) Class: 4356K(4608K)->4356K(4608K)
[2024-03-31T23:09:56.190-0500][170.255s] GC(6) Pause Young (Mixed) (Metadata GC Threshold) 34M->30M(512M) 3.671ms
[2024-03-31T23:09:56.190-0500][170.255s] GC(6) User=0.02s Sys=0.00s Real=0.01s
[2024-03-31T23:09:56.216-0500][170.281s] GC(7) Pause Young (Concurrent Start) (Metadata GC Threshold)
[2024-03-31T23:09:56.216-0500][170.281s] GC(7) Using 8 workers of 8 for evacuation
[2024-03-31T23:09:56.220-0500][170.285s] GC(7)   Pre Evacuate Collection Set: 0.11ms
[2024-03-31T23:09:56.220-0500][170.285s] GC(7)   Merge Heap Roots: 0.04ms
[2024-03-31T23:09:56.220-0500][170.285s] GC(7)   Evacuate Collection Set: 3.56ms
[2024-03-31T23:09:56.220-0500][170.285s] GC(7)   Post Evacuate Collection Set: 0.37ms
[2024-03-31T23:09:56.220-0500][170.285s] GC(7)   Other: 0.06ms
[2024-03-31T23:09:56.220-0500][170.285s] GC(7) Eden regions: 11->0(288)
[2024-03-31T23:09:56.220-0500][170.285s] GC(7) Survivor regions: 19->19(39)
[2024-03-31T23:09:56.220-0500][170.285s] GC(7) Old regions: 9->9
[2024-03-31T23:09:56.220-0500][170.285s] GC(7) Humongous regions: 4->4
[2024-03-31T23:09:56.220-0500][170.285s] GC(7) Metaspace: 36326K(36800K)->36326K(36800K) NonClass: 31917K(32128K)->31917K(32128K) Class: 4409K(4672K)->4409K(4672K)
[2024-03-31T23:09:56.220-0500][170.285s] GC(7) Pause Young (Concurrent Start) (Metadata GC Threshold) 41M->31M(512M) 4.286ms
[2024-03-31T23:09:56.220-0500][170.285s] GC(8) Concurrent Mark Cycle
[2024-03-31T23:09:56.220-0500][170.285s] GC(7) User=0.03s Sys=0.00s Real=0.01s
[2024-03-31T23:09:56.220-0500][170.285s] GC(8) Concurrent Scan Root Regions
[2024-03-31T23:09:56.223-0500][170.288s] GC(8) Concurrent Scan Root Regions 2.701ms
[2024-03-31T23:09:56.223-0500][170.288s] GC(8) Concurrent Mark
[2024-03-31T23:09:56.223-0500][170.288s] GC(8) Concurrent Mark From Roots
[2024-03-31T23:09:56.223-0500][170.288s] GC(8) Using 2 workers of 2 for marking
[2024-03-31T23:09:56.226-0500][170.292s] GC(8) Concurrent Mark From Roots 3.399ms
[2024-03-31T23:09:56.226-0500][170.292s] GC(8) Concurrent Preclean
[2024-03-31T23:09:56.226-0500][170.292s] GC(8) Concurrent Preclean 0.018ms
[2024-03-31T23:09:56.226-0500][170.292s] GC(8) Pause Remark
[2024-03-31T23:09:56.228-0500][170.293s] GC(8) Pause Remark 32M->32M(512M) 1.667ms
[2024-03-31T23:09:56.228-0500][170.293s] GC(8) User=0.01s Sys=0.00s Real=0.00s
[2024-03-31T23:09:56.228-0500][170.293s] GC(8) Concurrent Mark 5.209ms
[2024-03-31T23:09:56.228-0500][170.293s] GC(8) Concurrent Rebuild Remembered Sets and Scrub Regions
[2024-03-31T23:09:56.230-0500][170.295s] GC(8) Concurrent Rebuild Remembered Sets and Scrub Regions 1.678ms
[2024-03-31T23:09:56.230-0500][170.295s] GC(8) Pause Cleanup
[2024-03-31T23:09:56.230-0500][170.295s] GC(8) Pause Cleanup 33M->33M(512M) 0.060ms
[2024-03-31T23:09:56.230-0500][170.295s] GC(8) User=0.00s Sys=0.00s Real=0.00s
[2024-03-31T23:09:56.230-0500][170.295s] GC(8) Concurrent Clear Claimed Marks
[2024-03-31T23:09:56.230-0500][170.295s] GC(8) Concurrent Clear Claimed Marks 0.039ms
[2024-03-31T23:09:56.230-0500][170.295s] GC(8) Concurrent Cleanup for Next Mark
[2024-03-31T23:09:56.230-0500][170.296s] GC(8) Concurrent Cleanup for Next Mark 0.228ms
[2024-03-31T23:09:56.230-0500][170.296s] GC(8) Concurrent Mark Cycle 10.077ms
[2024-03-31T23:10:18.602-0500][192.668s] Heap
[2024-03-31T23:10:18.602-0500][192.668s]  garbage-first heap   total reserved 524288K, committed 524288K, used 111003K [0x00000007e0000000, 0x0000000800000000)
[2024-03-31T23:10:18.602-0500][192.668s]   region size 1024K, 96 young (98304K), 19 survivors (19456K)
[2024-03-31T23:10:18.602-0500][192.668s]  Metaspace       used 43666K, committed 44224K, reserved 1114112K
[2024-03-31T23:10:18.602-0500][192.668s]   class space    used 5521K, committed 5760K, reserved 1048576K
