[2024-04-12T16:43:17.117-0500][0.004s] CardTable entry size: 512
[2024-04-12T16:43:17.117-0500][0.004s] Using G1
[2024-04-12T16:43:17.230-0500][0.117s] Version: 22+36-2370 (release)
[2024-04-12T16:43:17.230-0500][0.117s] CPUs: 8 total, 8 available
[2024-04-12T16:43:17.230-0500][0.117s] Memory: 16384M
[2024-04-12T16:43:17.230-0500][0.117s] Large Page Support: Disabled
[2024-04-12T16:43:17.230-0500][0.117s] NUMA Support: Disabled
[2024-04-12T16:43:17.230-0500][0.117s] Compressed Oops: Enabled (Zero based)
[2024-04-12T16:43:17.230-0500][0.117s] Heap Region Size: 1M
[2024-04-12T16:43:17.230-0500][0.117s] Heap Min Capacity: 512M
[2024-04-12T16:43:17.230-0500][0.117s] Heap Initial Capacity: 512M
[2024-04-12T16:43:17.230-0500][0.117s] Heap Max Capacity: 512M
[2024-04-12T16:43:17.230-0500][0.117s] Pre-touch: Enabled
[2024-04-12T16:43:17.230-0500][0.117s] Parallel Workers: 8
[2024-04-12T16:43:17.230-0500][0.117s] Concurrent Workers: 2
[2024-04-12T16:43:17.230-0500][0.117s] Concurrent Refinement Workers: 8
[2024-04-12T16:43:17.230-0500][0.117s] Periodic GC: Disabled
[2024-04-12T16:43:17.244-0500][0.131s] CDS archive(s) mapped at: [0x000000f000000000-0x000000f000c70000-0x000000f000c70000), size 13041664, SharedBaseAddress: 0x000000f000000000, ArchiveRelocationMode: 1.
[2024-04-12T16:43:17.244-0500][0.131s] Compressed class space mapped at: 0x000000f001000000-0x000000f041000000, reserved size: 1073741824
[2024-04-12T16:43:17.244-0500][0.131s] Narrow klass base: 0x000000f000000000, Narrow klass shift: 0, Narrow klass range: 0x100000000
[2024-04-12T16:43:17.607-0500][0.495s] GC(0) Pause Young (Normal) (G1 Evacuation Pause)
[2024-04-12T16:43:17.608-0500][0.495s] GC(0) Using 8 workers of 8 for evacuation
[2024-04-12T16:43:17.610-0500][0.497s] GC(0)   Pre Evacuate Collection Set: 0.11ms
[2024-04-12T16:43:17.610-0500][0.497s] GC(0)   Merge Heap Roots: 0.23ms
[2024-04-12T16:43:17.610-0500][0.497s] GC(0)   Evacuate Collection Set: 1.39ms
[2024-04-12T16:43:17.610-0500][0.497s] GC(0)   Post Evacuate Collection Set: 0.15ms
[2024-04-12T16:43:17.610-0500][0.497s] GC(0)   Other: 0.40ms
[2024-04-12T16:43:17.610-0500][0.497s] GC(0) Eden regions: 30->0(67)
[2024-04-12T16:43:17.610-0500][0.497s] GC(0) Survivor regions: 0->4(4)
[2024-04-12T16:43:17.610-0500][0.497s] GC(0) Old regions: 2->2
[2024-04-12T16:43:17.610-0500][0.497s] GC(0) Humongous regions: 0->0
[2024-04-12T16:43:17.610-0500][0.497s] GC(0) Metaspace: 7553K(7808K)->7553K(7808K) NonClass: 6651K(6784K)->6651K(6784K) Class: 902K(1024K)->902K(1024K)
[2024-04-12T16:43:17.610-0500][0.497s] GC(0) Pause Young (Normal) (G1 Evacuation Pause) 31M->4M(512M) 2.855ms
[2024-04-12T16:43:17.610-0500][0.497s] GC(0) User=0.01s Sys=0.00s Real=0.01s
[2024-04-12T16:43:18.055-0500][0.942s] GC(1) Pause Young (Normal) (G1 Evacuation Pause)
[2024-04-12T16:43:18.055-0500][0.942s] GC(1) Using 8 workers of 8 for evacuation
[2024-04-12T16:43:18.060-0500][0.948s] GC(1)   Pre Evacuate Collection Set: 0.09ms
[2024-04-12T16:43:18.060-0500][0.948s] GC(1)   Merge Heap Roots: 0.05ms
[2024-04-12T16:43:18.060-0500][0.948s] GC(1)   Evacuate Collection Set: 4.81ms
[2024-04-12T16:43:18.060-0500][0.948s] GC(1)   Post Evacuate Collection Set: 0.34ms
[2024-04-12T16:43:18.061-0500][0.948s] GC(1)   Other: 0.05ms
[2024-04-12T16:43:18.061-0500][0.948s] GC(1) Eden regions: 67->0(151)
[2024-04-12T16:43:18.061-0500][0.948s] GC(1) Survivor regions: 4->9(9)
[2024-04-12T16:43:18.061-0500][0.948s] GC(1) Old regions: 2->8
[2024-04-12T16:43:18.061-0500][0.948s] GC(1) Humongous regions: 4->4
[2024-04-12T16:43:18.061-0500][0.948s] GC(1) Metaspace: 19191K(19584K)->19191K(19584K) NonClass: 16909K(17152K)->16909K(17152K) Class: 2282K(2432K)->2282K(2432K)
[2024-04-12T16:43:18.061-0500][0.948s] GC(1) Pause Young (Normal) (G1 Evacuation Pause) 75M->19M(512M) 5.498ms
[2024-04-12T16:43:18.061-0500][0.948s] GC(1) User=0.04s Sys=0.00s Real=0.01s
[2024-04-12T16:43:18.389-0500][1.276s] GC(2) Pause Young (Concurrent Start) (Metadata GC Threshold)
[2024-04-12T16:43:18.389-0500][1.276s] GC(2) Using 8 workers of 8 for evacuation
[2024-04-12T16:43:18.392-0500][1.279s] GC(2)   Pre Evacuate Collection Set: 0.11ms
[2024-04-12T16:43:18.392-0500][1.280s] GC(2)   Merge Heap Roots: 0.06ms
[2024-04-12T16:43:18.392-0500][1.280s] GC(2)   Evacuate Collection Set: 2.83ms
[2024-04-12T16:43:18.392-0500][1.280s] GC(2)   Post Evacuate Collection Set: 0.34ms
[2024-04-12T16:43:18.392-0500][1.280s] GC(2)   Other: 0.07ms
[2024-04-12T16:43:18.392-0500][1.280s] GC(2) Eden regions: 133->0(292)
[2024-04-12T16:43:18.392-0500][1.280s] GC(2) Survivor regions: 9->15(19)
[2024-04-12T16:43:18.392-0500][1.280s] GC(2) Old regions: 8->8
[2024-04-12T16:43:18.392-0500][1.280s] GC(2) Humongous regions: 4->4
[2024-04-12T16:43:18.392-0500][1.280s] GC(2) Metaspace: 21062K(21504K)->21062K(21504K) NonClass: 18560K(18752K)->18560K(18752K) Class: 2502K(2752K)->2502K(2752K)
[2024-04-12T16:43:18.392-0500][1.280s] GC(2) Pause Young (Concurrent Start) (Metadata GC Threshold) 152M->24M(512M) 3.557ms
[2024-04-12T16:43:18.392-0500][1.280s] GC(3) Concurrent Mark Cycle
[2024-04-12T16:43:18.392-0500][1.280s] GC(2) User=0.02s Sys=0.01s Real=0.01s
[2024-04-12T16:43:18.392-0500][1.280s] GC(3) Concurrent Scan Root Regions
[2024-04-12T16:43:18.395-0500][1.282s] GC(3) Concurrent Scan Root Regions 2.600ms
[2024-04-12T16:43:18.395-0500][1.282s] GC(3) Concurrent Mark
[2024-04-12T16:43:18.395-0500][1.282s] GC(3) Concurrent Mark From Roots
[2024-04-12T16:43:18.395-0500][1.282s] GC(3) Using 2 workers of 2 for marking
[2024-04-12T16:43:18.399-0500][1.286s] GC(3) Concurrent Mark From Roots 4.054ms
[2024-04-12T16:43:18.399-0500][1.286s] GC(3) Concurrent Preclean
[2024-04-12T16:43:18.399-0500][1.286s] GC(3) Concurrent Preclean 0.030ms
[2024-04-12T16:43:18.399-0500][1.286s] GC(3) Pause Remark
[2024-04-12T16:43:18.401-0500][1.288s] GC(3) Pause Remark 26M->26M(512M) 1.268ms
[2024-04-12T16:43:18.401-0500][1.288s] GC(3) User=0.00s Sys=0.00s Real=0.01s
[2024-04-12T16:43:18.401-0500][1.288s] GC(3) Concurrent Mark 5.510ms
[2024-04-12T16:43:18.401-0500][1.288s] GC(3) Concurrent Rebuild Remembered Sets and Scrub Regions
[2024-04-12T16:43:18.402-0500][1.290s] GC(3) Concurrent Rebuild Remembered Sets and Scrub Regions 1.777ms
[2024-04-12T16:43:18.402-0500][1.290s] GC(3) Pause Cleanup
[2024-04-12T16:43:18.403-0500][1.290s] GC(3) Pause Cleanup 26M->26M(512M) 0.056ms
[2024-04-12T16:43:18.403-0500][1.290s] GC(3) User=0.00s Sys=0.00s Real=0.00s
[2024-04-12T16:43:18.403-0500][1.290s] GC(3) Concurrent Clear Claimed Marks
[2024-04-12T16:43:18.403-0500][1.290s] GC(3) Concurrent Clear Claimed Marks 0.027ms
[2024-04-12T16:43:18.403-0500][1.290s] GC(3) Concurrent Cleanup for Next Mark
[2024-04-12T16:43:18.403-0500][1.290s] GC(3) Concurrent Cleanup for Next Mark 0.590ms
[2024-04-12T16:43:18.403-0500][1.290s] GC(3) Concurrent Mark Cycle 10.767ms
[2024-04-12T16:43:19.084-0500][1.971s] GC(4) Pause Young (Prepare Mixed) (Metadata GC Threshold)
[2024-04-12T16:43:19.084-0500][1.971s] GC(4) Using 8 workers of 8 for evacuation
[2024-04-12T16:43:19.089-0500][1.976s] GC(4)   Pre Evacuate Collection Set: 0.14ms
[2024-04-12T16:43:19.089-0500][1.976s] GC(4)   Merge Heap Roots: 0.05ms
[2024-04-12T16:43:19.089-0500][1.976s] GC(4)   Evacuate Collection Set: 4.24ms
[2024-04-12T16:43:19.089-0500][1.976s] GC(4)   Post Evacuate Collection Set: 0.45ms
[2024-04-12T16:43:19.089-0500][1.976s] GC(4)   Other: 0.05ms
[2024-04-12T16:43:19.089-0500][1.976s] GC(4) Eden regions: 118->0(287)
[2024-04-12T16:43:19.089-0500][1.976s] GC(4) Survivor regions: 15->20(39)
[2024-04-12T16:43:19.089-0500][1.976s] GC(4) Old regions: 8->8
[2024-04-12T16:43:19.089-0500][1.976s] GC(4) Humongous regions: 4->4
[2024-04-12T16:43:19.089-0500][1.976s] GC(4) Metaspace: 35650K(36096K)->35650K(36096K) NonClass: 31336K(31552K)->31336K(31552K) Class: 4313K(4544K)->4313K(4544K)
[2024-04-12T16:43:19.089-0500][1.976s] GC(4) Pause Young (Prepare Mixed) (Metadata GC Threshold) 142M->30M(512M) 5.065ms
[2024-04-12T16:43:19.089-0500][1.976s] GC(4) User=0.03s Sys=0.00s Real=0.00s
[2024-04-12T16:43:19.112-0500][1.999s] GC(5) Pause Young (Mixed) (Metadata GC Threshold)
[2024-04-12T16:43:19.112-0500][1.999s] GC(5) Using 8 workers of 8 for evacuation
[2024-04-12T16:43:19.117-0500][2.004s] GC(5)   Pre Evacuate Collection Set: 0.12ms
[2024-04-12T16:43:19.117-0500][2.004s] GC(5)   Merge Heap Roots: 0.03ms
[2024-04-12T16:43:19.117-0500][2.004s] GC(5)   Evacuate Collection Set: 4.18ms
[2024-04-12T16:43:19.117-0500][2.004s] GC(5)   Post Evacuate Collection Set: 0.49ms
[2024-04-12T16:43:19.117-0500][2.004s] GC(5)   Other: 0.06ms
[2024-04-12T16:43:19.117-0500][2.004s] GC(5) Eden regions: 5->0(287)
[2024-04-12T16:43:19.117-0500][2.004s] GC(5) Survivor regions: 20->20(39)
[2024-04-12T16:43:19.117-0500][2.004s] GC(5) Old regions: 8->7
[2024-04-12T16:43:19.117-0500][2.004s] GC(5) Humongous regions: 4->4
[2024-04-12T16:43:19.117-0500][2.004s] GC(5) Metaspace: 35932K(36416K)->35932K(36416K) NonClass: 31583K(31808K)->31583K(31808K) Class: 4348K(4608K)->4348K(4608K)
[2024-04-12T16:43:19.117-0500][2.004s] GC(5) Pause Young (Mixed) (Metadata GC Threshold) 35M->30M(512M) 5.003ms
[2024-04-12T16:43:19.117-0500][2.004s] GC(5) User=0.03s Sys=0.00s Real=0.00s
[2024-04-12T16:43:19.138-0500][2.025s] GC(6) Pause Young (Concurrent Start) (Metadata GC Threshold)
[2024-04-12T16:43:19.138-0500][2.025s] GC(6) Using 8 workers of 8 for evacuation
[2024-04-12T16:43:19.143-0500][2.030s] GC(6)   Pre Evacuate Collection Set: 0.11ms
[2024-04-12T16:43:19.143-0500][2.030s] GC(6)   Merge Heap Roots: 0.04ms
[2024-04-12T16:43:19.143-0500][2.030s] GC(6)   Evacuate Collection Set: 4.12ms
[2024-04-12T16:43:19.143-0500][2.030s] GC(6)   Post Evacuate Collection Set: 0.35ms
[2024-04-12T16:43:19.143-0500][2.030s] GC(6)   Other: 0.05ms
[2024-04-12T16:43:19.143-0500][2.030s] GC(6) Eden regions: 8->0(287)
[2024-04-12T16:43:19.143-0500][2.030s] GC(6) Survivor regions: 20->20(39)
[2024-04-12T16:43:19.143-0500][2.030s] GC(6) Old regions: 7->7
[2024-04-12T16:43:19.143-0500][2.030s] GC(6) Humongous regions: 4->4
[2024-04-12T16:43:19.143-0500][2.030s] GC(6) Metaspace: 36309K(36736K)->36309K(36736K) NonClass: 31905K(32128K)->31905K(32128K) Class: 4404K(4608K)->4404K(4608K)
[2024-04-12T16:43:19.143-0500][2.030s] GC(6) Pause Young (Concurrent Start) (Metadata GC Threshold) 38M->30M(512M) 4.802ms
[2024-04-12T16:43:19.143-0500][2.030s] GC(7) Concurrent Mark Cycle
[2024-04-12T16:43:19.143-0500][2.030s] GC(6) User=0.03s Sys=0.00s Real=0.01s
[2024-04-12T16:43:19.143-0500][2.030s] GC(7) Concurrent Scan Root Regions
[2024-04-12T16:43:19.145-0500][2.033s] GC(7) Concurrent Scan Root Regions 2.719ms
[2024-04-12T16:43:19.145-0500][2.033s] GC(7) Concurrent Mark
[2024-04-12T16:43:19.145-0500][2.033s] GC(7) Concurrent Mark From Roots
[2024-04-12T16:43:19.145-0500][2.033s] GC(7) Using 2 workers of 2 for marking
[2024-04-12T16:43:19.149-0500][2.036s] GC(7) Concurrent Mark From Roots 3.101ms
[2024-04-12T16:43:19.149-0500][2.036s] GC(7) Concurrent Preclean
[2024-04-12T16:43:19.149-0500][2.036s] GC(7) Concurrent Preclean 0.009ms
[2024-04-12T16:43:19.149-0500][2.036s] GC(7) Pause Remark
[2024-04-12T16:43:19.150-0500][2.037s] GC(7) Pause Remark 32M->32M(512M) 1.545ms
[2024-04-12T16:43:19.150-0500][2.037s] GC(7) User=0.01s Sys=0.00s Real=0.01s
[2024-04-12T16:43:19.150-0500][2.037s] GC(7) Concurrent Mark 4.782ms
[2024-04-12T16:43:19.150-0500][2.037s] GC(7) Concurrent Rebuild Remembered Sets and Scrub Regions
[2024-04-12T16:43:19.153-0500][2.040s] GC(7) Concurrent Rebuild Remembered Sets and Scrub Regions 2.718ms
[2024-04-12T16:43:19.153-0500][2.040s] GC(7) Pause Cleanup
[2024-04-12T16:43:19.153-0500][2.041s] GC(7) Pause Cleanup 33M->33M(512M) 0.051ms
[2024-04-12T16:43:19.153-0500][2.041s] GC(7) User=0.00s Sys=0.00s Real=0.00s
[2024-04-12T16:43:19.153-0500][2.041s] GC(7) Concurrent Clear Claimed Marks
[2024-04-12T16:43:19.153-0500][2.041s] GC(7) Concurrent Clear Claimed Marks 0.034ms
[2024-04-12T16:43:19.153-0500][2.041s] GC(7) Concurrent Cleanup for Next Mark
[2024-04-12T16:43:19.154-0500][2.041s] GC(7) Concurrent Cleanup for Next Mark 0.277ms
[2024-04-12T16:43:19.154-0500][2.041s] GC(7) Concurrent Mark Cycle 11.031ms
[2024-04-13T15:31:01.065-0500][40967.055s] GC(8) Pause Young (Prepare Mixed) (G1 Evacuation Pause)
[2024-04-13T15:31:01.068-0500][40967.058s] GC(8) Using 8 workers of 8 for evacuation
[2024-04-13T15:31:01.149-0500][40967.139s] GC(8)   Pre Evacuate Collection Set: 0.64ms
[2024-04-13T15:31:01.149-0500][40967.139s] GC(8)   Merge Heap Roots: 0.80ms
[2024-04-13T15:31:01.149-0500][40967.139s] GC(8)   Evacuate Collection Set: 76.00ms
[2024-04-13T15:31:01.149-0500][40967.139s] GC(8)   Post Evacuate Collection Set: 2.65ms
[2024-04-13T15:31:01.149-0500][40967.139s] GC(8)   Other: 1.03ms
[2024-04-13T15:31:01.149-0500][40967.139s] GC(8) Eden regions: 287->0(269)
[2024-04-13T15:31:01.149-0500][40967.139s] GC(8) Survivor regions: 20->38(39)
[2024-04-13T15:31:01.149-0500][40967.139s] GC(8) Old regions: 7->7
[2024-04-13T15:31:01.149-0500][40967.139s] GC(8) Humongous regions: 5->5
[2024-04-13T15:31:01.149-0500][40967.139s] GC(8) Metaspace: 56394K(57152K)->56394K(57152K) NonClass: 49301K(49728K)->49301K(49728K) Class: 7092K(7424K)->7092K(7424K)
[2024-04-13T15:31:01.149-0500][40967.139s] GC(8) Pause Young (Prepare Mixed) (G1 Evacuation Pause) 318M->48M(512M) 84.171ms
[2024-04-13T15:31:01.149-0500][40967.139s] GC(8) User=0.11s Sys=0.20s Real=0.08s
