[2024-03-02T23:38:40.871-0600][0.003s] CardTable entry size: 512
[2024-03-02T23:38:40.871-0600][0.003s] Using G1
[2024-03-02T23:38:40.943-0600][0.075s] Version: 21.0.2+13-LTS-58 (release)
[2024-03-02T23:38:40.943-0600][0.075s] CPUs: 8 total, 8 available
[2024-03-02T23:38:40.943-0600][0.075s] Memory: 16384M
[2024-03-02T23:38:40.943-0600][0.075s] Large Page Support: Disabled
[2024-03-02T23:38:40.943-0600][0.075s] NUMA Support: Disabled
[2024-03-02T23:38:40.943-0600][0.076s] Compressed Oops: Enabled (Zero based)
[2024-03-02T23:38:40.943-0600][0.076s] Heap Region Size: 1M
[2024-03-02T23:38:40.943-0600][0.076s] Heap Min Capacity: 512M
[2024-03-02T23:38:40.943-0600][0.076s] Heap Initial Capacity: 512M
[2024-03-02T23:38:40.943-0600][0.076s] Heap Max Capacity: 512M
[2024-03-02T23:38:40.943-0600][0.076s] Pre-touch: Enabled
[2024-03-02T23:38:40.943-0600][0.076s] Parallel Workers: 8
[2024-03-02T23:38:40.943-0600][0.076s] Concurrent Workers: 2
[2024-03-02T23:38:40.943-0600][0.076s] Concurrent Refinement Workers: 8
[2024-03-02T23:38:40.943-0600][0.076s] Periodic GC: Disabled
[2024-03-02T23:38:40.943-0600][0.076s] CDS archive(s) mapped at: [0x0000000800000000-0x0000000800ca8000-0x0000000800ca8000), size 13271040, SharedBaseAddress: 0x0000000800000000, ArchiveRelocationMode: 1.
[2024-03-02T23:38:40.943-0600][0.076s] Compressed class space mapped at: 0x0000000801000000-0x0000000841000000, reserved size: 1073741824
[2024-03-02T23:38:40.943-0600][0.076s] Narrow klass base: 0x0000000800000000, Narrow klass shift: 0, Narrow klass range: 0x100000000
[2024-03-02T23:38:41.203-0600][0.336s] GC(0) Pause Young (Normal) (G1 Evacuation Pause)
[2024-03-02T23:38:41.203-0600][0.336s] GC(0) Using 8 workers of 8 for evacuation
[2024-03-02T23:38:41.205-0600][0.338s] GC(0)   Pre Evacuate Collection Set: 0.1ms
[2024-03-02T23:38:41.205-0600][0.338s] GC(0)   Merge Heap Roots: 0.0ms
[2024-03-02T23:38:41.205-0600][0.338s] GC(0)   Evacuate Collection Set: 1.7ms
[2024-03-02T23:38:41.205-0600][0.338s] GC(0)   Post Evacuate Collection Set: 0.1ms
[2024-03-02T23:38:41.205-0600][0.338s] GC(0)   Other: 0.2ms
[2024-03-02T23:38:41.205-0600][0.338s] GC(0) Eden regions: 29->0(57)
[2024-03-02T23:38:41.205-0600][0.338s] GC(0) Survivor regions: 0->4(4)
[2024-03-02T23:38:41.205-0600][0.338s] GC(0) Old regions: 2->2
[2024-03-02T23:38:41.205-0600][0.338s] GC(0) Humongous regions: 0->0
[2024-03-02T23:38:41.205-0600][0.338s] GC(0) Metaspace: 7494K(7744K)->7494K(7744K) NonClass: 6616K(6720K)->6616K(6720K) Class: 877K(1024K)->877K(1024K)
[2024-03-02T23:38:41.205-0600][0.338s] GC(0) Pause Young (Normal) (G1 Evacuation Pause) 30M->4M(512M) 2.305ms
[2024-03-02T23:38:41.205-0600][0.338s] GC(0) User=0.00s Sys=0.00s Real=0.00s
[2024-03-02T23:38:41.540-0600][0.673s] GC(1) Pause Young (Normal) (G1 Evacuation Pause)
[2024-03-02T23:38:41.540-0600][0.673s] GC(1) Using 8 workers of 8 for evacuation
[2024-03-02T23:38:41.545-0600][0.678s] GC(1)   Pre Evacuate Collection Set: 0.1ms
[2024-03-02T23:38:41.545-0600][0.678s] GC(1)   Merge Heap Roots: 0.0ms
[2024-03-02T23:38:41.545-0600][0.678s] GC(1)   Evacuate Collection Set: 4.7ms
[2024-03-02T23:38:41.545-0600][0.678s] GC(1)   Post Evacuate Collection Set: 0.2ms
[2024-03-02T23:38:41.545-0600][0.678s] GC(1)   Other: 0.0ms
[2024-03-02T23:38:41.545-0600][0.678s] GC(1) Eden regions: 57->0(78)
[2024-03-02T23:38:41.545-0600][0.678s] GC(1) Survivor regions: 4->8(8)
[2024-03-02T23:38:41.545-0600][0.678s] GC(1) Old regions: 2->9
[2024-03-02T23:38:41.545-0600][0.678s] GC(1) Humongous regions: 4->4
[2024-03-02T23:38:41.545-0600][0.678s] GC(1) Metaspace: 19508K(19904K)->19508K(19904K) NonClass: 17249K(17472K)->17249K(17472K) Class: 2259K(2432K)->2259K(2432K)
[2024-03-02T23:38:41.545-0600][0.678s] GC(1) Pause Young (Normal) (G1 Evacuation Pause) 65M->19M(512M) 5.199ms
[2024-03-02T23:38:41.545-0600][0.678s] GC(1) User=0.04s Sys=0.01s Real=0.00s
[2024-03-02T23:38:41.685-0600][0.818s] GC(2) Pause Young (Concurrent Start) (Metadata GC Threshold)
[2024-03-02T23:38:41.685-0600][0.818s] GC(2) Using 8 workers of 8 for evacuation
[2024-03-02T23:38:41.689-0600][0.821s] GC(2)   Pre Evacuate Collection Set: 0.1ms
[2024-03-02T23:38:41.689-0600][0.821s] GC(2)   Merge Heap Roots: 0.0ms
[2024-03-02T23:38:41.689-0600][0.821s] GC(2)   Evacuate Collection Set: 2.9ms
[2024-03-02T23:38:41.689-0600][0.821s] GC(2)   Post Evacuate Collection Set: 0.2ms
[2024-03-02T23:38:41.689-0600][0.821s] GC(2)   Other: 0.0ms
[2024-03-02T23:38:41.689-0600][0.821s] GC(2) Eden regions: 69->0(302)
[2024-03-02T23:38:41.689-0600][0.821s] GC(2) Survivor regions: 8->5(11)
[2024-03-02T23:38:41.689-0600][0.821s] GC(2) Old regions: 9->17
[2024-03-02T23:38:41.689-0600][0.821s] GC(2) Humongous regions: 4->4
[2024-03-02T23:38:41.689-0600][0.821s] GC(2) Metaspace: 21061K(21504K)->21061K(21504K) NonClass: 18643K(18880K)->18643K(18880K) Class: 2417K(2624K)->2417K(2624K)
[2024-03-02T23:38:41.689-0600][0.821s] GC(2) Pause Young (Concurrent Start) (Metadata GC Threshold) 88M->25M(512M) 3.336ms
[2024-03-02T23:38:41.689-0600][0.821s] GC(2) User=0.02s Sys=0.00s Real=0.00s
[2024-03-02T23:38:41.689-0600][0.821s] GC(3) Concurrent Mark Cycle
[2024-03-02T23:38:41.689-0600][0.821s] GC(3) Concurrent Scan Root Regions
[2024-03-02T23:38:41.690-0600][0.823s] GC(3) Concurrent Scan Root Regions 1.702ms
[2024-03-02T23:38:41.690-0600][0.823s] GC(3) Concurrent Mark
[2024-03-02T23:38:41.690-0600][0.823s] GC(3) Concurrent Mark From Roots
[2024-03-02T23:38:41.690-0600][0.823s] GC(3) Using 2 workers of 2 for marking
[2024-03-02T23:38:41.693-0600][0.826s] GC(3) Concurrent Mark From Roots 2.783ms
[2024-03-02T23:38:41.693-0600][0.826s] GC(3) Concurrent Preclean
[2024-03-02T23:38:41.693-0600][0.826s] GC(3) Concurrent Preclean 0.021ms
[2024-03-02T23:38:41.693-0600][0.826s] GC(3) Pause Remark
[2024-03-02T23:38:41.694-0600][0.827s] GC(3) Pause Remark 25M->25M(512M) 0.873ms
[2024-03-02T23:38:41.694-0600][0.827s] GC(3) User=0.01s Sys=0.00s Real=0.00s
[2024-03-02T23:38:41.694-0600][0.827s] GC(3) Concurrent Mark 3.749ms
[2024-03-02T23:38:41.694-0600][0.827s] GC(3) Concurrent Rebuild Remembered Sets and Scrub Regions
[2024-03-02T23:38:41.697-0600][0.829s] GC(3) Concurrent Rebuild Remembered Sets and Scrub Regions 2.674ms
[2024-03-02T23:38:41.697-0600][0.830s] GC(3) Pause Cleanup
[2024-03-02T23:38:41.697-0600][0.830s] GC(3) Pause Cleanup 25M->25M(512M) 0.068ms
[2024-03-02T23:38:41.697-0600][0.830s] GC(3) User=0.00s Sys=0.00s Real=0.00s
[2024-03-02T23:38:41.697-0600][0.830s] GC(3) Concurrent Clear Claimed Marks
[2024-03-02T23:38:41.697-0600][0.830s] GC(3) Concurrent Clear Claimed Marks 0.010ms
[2024-03-02T23:38:41.697-0600][0.830s] GC(3) Concurrent Cleanup for Next Mark
[2024-03-02T23:38:41.697-0600][0.830s] GC(3) Concurrent Cleanup for Next Mark 0.439ms
[2024-03-02T23:38:41.697-0600][0.830s] GC(3) Concurrent Mark Cycle 8.762ms
[2024-03-02T23:38:42.136-0600][1.269s] GC(4) Pause Young (Prepare Mixed) (Metadata GC Threshold)
[2024-03-02T23:38:42.136-0600][1.269s] GC(4) Using 8 workers of 8 for evacuation
[2024-03-02T23:38:42.138-0600][1.271s] GC(4)   Pre Evacuate Collection Set: 0.1ms
[2024-03-02T23:38:42.138-0600][1.271s] GC(4)   Merge Heap Roots: 0.0ms
[2024-03-02T23:38:42.138-0600][1.271s] GC(4)   Evacuate Collection Set: 2.1ms
[2024-03-02T23:38:42.138-0600][1.271s] GC(4)   Post Evacuate Collection Set: 0.2ms
[2024-03-02T23:38:42.138-0600][1.271s] GC(4)   Other: 0.0ms
[2024-03-02T23:38:42.138-0600][1.271s] GC(4) Eden regions: 91->0(239)
[2024-03-02T23:38:42.138-0600][1.271s] GC(4) Survivor regions: 5->10(39)
[2024-03-02T23:38:42.138-0600][1.271s] GC(4) Old regions: 17->17
[2024-03-02T23:38:42.138-0600][1.271s] GC(4) Humongous regions: 4->4
[2024-03-02T23:38:42.138-0600][1.271s] GC(4) Metaspace: 36649K(37120K)->36649K(37120K) NonClass: 32472K(32704K)->32472K(32704K) Class: 4176K(4416K)->4176K(4416K)
[2024-03-02T23:38:42.138-0600][1.271s] GC(4) Pause Young (Prepare Mixed) (Metadata GC Threshold) 115M->29M(512M) 2.610ms
[2024-03-02T23:38:42.138-0600][1.271s] GC(4) User=0.02s Sys=0.00s Real=0.00s
[2024-03-02T23:38:42.151-0600][1.283s] GC(5) Pause Young (Mixed) (Metadata GC Threshold)
[2024-03-02T23:38:42.151-0600][1.283s] GC(5) Using 8 workers of 8 for evacuation
[2024-03-02T23:38:42.152-0600][1.285s] GC(5)   Pre Evacuate Collection Set: 0.1ms
[2024-03-02T23:38:42.152-0600][1.285s] GC(5)   Merge Heap Roots: 0.0ms
[2024-03-02T23:38:42.152-0600][1.285s] GC(5)   Evacuate Collection Set: 1.4ms
[2024-03-02T23:38:42.152-0600][1.285s] GC(5)   Post Evacuate Collection Set: 0.2ms
[2024-03-02T23:38:42.152-0600][1.285s] GC(5)   Other: 0.0ms
[2024-03-02T23:38:42.152-0600][1.285s] GC(5) Eden regions: 5->0(235)
[2024-03-02T23:38:42.152-0600][1.285s] GC(5) Survivor regions: 10->11(32)
[2024-03-02T23:38:42.152-0600][1.285s] GC(5) Old regions: 17->17
[2024-03-02T23:38:42.152-0600][1.285s] GC(5) Humongous regions: 4->4
[2024-03-02T23:38:42.152-0600][1.285s] GC(5) Metaspace: 37043K(37440K)->37043K(37440K) NonClass: 32808K(33024K)->32808K(33024K) Class: 4235K(4416K)->4235K(4416K)
[2024-03-02T23:38:42.152-0600][1.285s] GC(5) Pause Young (Mixed) (Metadata GC Threshold) 34M->30M(512M) 1.819ms
[2024-03-02T23:38:42.152-0600][1.285s] GC(5) User=0.01s Sys=0.00s Real=0.00s
[2024-03-02T23:38:42.161-0600][1.293s] GC(6) Pause Young (Concurrent Start) (Metadata GC Threshold)
[2024-03-02T23:38:42.161-0600][1.293s] GC(6) Using 8 workers of 8 for evacuation
[2024-03-02T23:38:42.162-0600][1.295s] GC(6)   Pre Evacuate Collection Set: 0.1ms
[2024-03-02T23:38:42.162-0600][1.295s] GC(6)   Merge Heap Roots: 0.0ms
[2024-03-02T23:38:42.162-0600][1.295s] GC(6)   Evacuate Collection Set: 1.6ms
[2024-03-02T23:38:42.162-0600][1.295s] GC(6)   Post Evacuate Collection Set: 0.1ms
[2024-03-02T23:38:42.162-0600][1.295s] GC(6)   Other: 0.0ms
[2024-03-02T23:38:42.162-0600][1.295s] GC(6) Eden regions: 3->0(296)
[2024-03-02T23:38:42.162-0600][1.295s] GC(6) Survivor regions: 11->11(31)
[2024-03-02T23:38:42.162-0600][1.295s] GC(6) Old regions: 17->17
[2024-03-02T23:38:42.162-0600][1.295s] GC(6) Humongous regions: 4->4
[2024-03-02T23:38:42.162-0600][1.295s] GC(6) Metaspace: 37339K(37760K)->37339K(37760K) NonClass: 33071K(33280K)->33071K(33280K) Class: 4268K(4480K)->4268K(4480K)
[2024-03-02T23:38:42.162-0600][1.295s] GC(6) Pause Young (Concurrent Start) (Metadata GC Threshold) 32M->30M(512M) 1.921ms
[2024-03-02T23:38:42.162-0600][1.295s] GC(7) Concurrent Mark Cycle
[2024-03-02T23:38:42.162-0600][1.295s] GC(6) User=0.01s Sys=0.01s Real=0.00s
[2024-03-02T23:38:42.162-0600][1.295s] GC(7) Concurrent Scan Root Regions
[2024-03-02T23:38:42.164-0600][1.296s] GC(7) Concurrent Scan Root Regions 1.234ms
[2024-03-02T23:38:42.164-0600][1.296s] GC(7) Concurrent Mark
[2024-03-02T23:38:42.164-0600][1.296s] GC(7) Concurrent Mark From Roots
[2024-03-02T23:38:42.164-0600][1.296s] GC(7) Using 2 workers of 2 for marking
[2024-03-02T23:38:42.169-0600][1.302s] GC(7) Concurrent Mark From Roots 5.168ms
[2024-03-02T23:38:42.169-0600][1.302s] GC(7) Concurrent Preclean
[2024-03-02T23:38:42.169-0600][1.302s] GC(7) Concurrent Preclean 0.022ms
[2024-03-02T23:38:42.169-0600][1.302s] GC(7) Pause Remark
[2024-03-02T23:38:42.170-0600][1.303s] GC(7) Pause Remark 31M->31M(512M) 1.218ms
[2024-03-02T23:38:42.170-0600][1.303s] GC(7) User=0.01s Sys=0.00s Real=0.01s
[2024-03-02T23:38:42.170-0600][1.303s] GC(7) Concurrent Mark 6.504ms
[2024-03-02T23:38:42.170-0600][1.303s] GC(7) Concurrent Rebuild Remembered Sets and Scrub Regions
[2024-03-02T23:38:42.173-0600][1.306s] GC(7) Concurrent Rebuild Remembered Sets and Scrub Regions 2.719ms
[2024-03-02T23:38:42.173-0600][1.306s] GC(7) Pause Cleanup
[2024-03-02T23:38:42.173-0600][1.306s] GC(7) Pause Cleanup 32M->32M(512M) 0.050ms
[2024-03-02T23:38:42.173-0600][1.306s] GC(7) User=0.00s Sys=0.00s Real=0.00s
[2024-03-02T23:38:42.173-0600][1.306s] GC(7) Concurrent Clear Claimed Marks
[2024-03-02T23:38:42.173-0600][1.306s] GC(7) Concurrent Clear Claimed Marks 0.009ms
[2024-03-02T23:38:42.173-0600][1.306s] GC(7) Concurrent Cleanup for Next Mark
[2024-03-02T23:38:42.173-0600][1.306s] GC(7) Concurrent Cleanup for Next Mark 0.226ms
[2024-03-02T23:38:42.173-0600][1.306s] GC(7) Concurrent Mark Cycle 10.825ms
