[2024-03-02T23:36:20.349-0600][0.003s] CardTable entry size: 512
[2024-03-02T23:36:20.350-0600][0.003s] Using G1
[2024-03-02T23:36:20.418-0600][0.072s] Version: 21.0.2+13-LTS-58 (release)
[2024-03-02T23:36:20.418-0600][0.072s] CPUs: 8 total, 8 available
[2024-03-02T23:36:20.418-0600][0.072s] Memory: 16384M
[2024-03-02T23:36:20.418-0600][0.072s] Large Page Support: Disabled
[2024-03-02T23:36:20.418-0600][0.072s] NUMA Support: Disabled
[2024-03-02T23:36:20.418-0600][0.072s] Compressed Oops: Enabled (Zero based)
[2024-03-02T23:36:20.418-0600][0.072s] Heap Region Size: 1M
[2024-03-02T23:36:20.418-0600][0.072s] Heap Min Capacity: 512M
[2024-03-02T23:36:20.418-0600][0.072s] Heap Initial Capacity: 512M
[2024-03-02T23:36:20.418-0600][0.072s] Heap Max Capacity: 512M
[2024-03-02T23:36:20.418-0600][0.072s] Pre-touch: Enabled
[2024-03-02T23:36:20.418-0600][0.072s] Parallel Workers: 8
[2024-03-02T23:36:20.418-0600][0.072s] Concurrent Workers: 2
[2024-03-02T23:36:20.418-0600][0.072s] Concurrent Refinement Workers: 8
[2024-03-02T23:36:20.418-0600][0.072s] Periodic GC: Disabled
[2024-03-02T23:36:20.422-0600][0.076s] CDS archive(s) mapped at: [0x0000007000000000-0x0000007000ca8000-0x0000007000ca8000), size 13271040, SharedBaseAddress: 0x0000007000000000, ArchiveRelocationMode: 1.
[2024-03-02T23:36:20.422-0600][0.076s] Compressed class space mapped at: 0x0000007001000000-0x0000007041000000, reserved size: 1073741824
[2024-03-02T23:36:20.422-0600][0.076s] Narrow klass base: 0x0000007000000000, Narrow klass shift: 0, Narrow klass range: 0x100000000
[2024-03-02T23:36:20.672-0600][0.326s] GC(0) Pause Young (Normal) (G1 Evacuation Pause)
[2024-03-02T23:36:20.672-0600][0.326s] GC(0) Using 8 workers of 8 for evacuation
[2024-03-02T23:36:20.673-0600][0.327s] GC(0)   Pre Evacuate Collection Set: 0.1ms
[2024-03-02T23:36:20.674-0600][0.327s] GC(0)   Merge Heap Roots: 0.0ms
[2024-03-02T23:36:20.674-0600][0.327s] GC(0)   Evacuate Collection Set: 0.9ms
[2024-03-02T23:36:20.674-0600][0.327s] GC(0)   Post Evacuate Collection Set: 0.2ms
[2024-03-02T23:36:20.674-0600][0.327s] GC(0)   Other: 0.2ms
[2024-03-02T23:36:20.674-0600][0.327s] GC(0) Eden regions: 29->0(57)
[2024-03-02T23:36:20.674-0600][0.327s] GC(0) Survivor regions: 0->4(4)
[2024-03-02T23:36:20.674-0600][0.327s] GC(0) Old regions: 2->2
[2024-03-02T23:36:20.674-0600][0.327s] GC(0) Humongous regions: 0->0
[2024-03-02T23:36:20.674-0600][0.327s] GC(0) Metaspace: 7415K(7680K)->7415K(7680K) NonClass: 6549K(6656K)->6549K(6656K) Class: 866K(1024K)->866K(1024K)
[2024-03-02T23:36:20.674-0600][0.327s] GC(0) Pause Young (Normal) (G1 Evacuation Pause) 30M->4M(512M) 1.508ms
[2024-03-02T23:36:20.674-0600][0.327s] GC(0) User=0.01s Sys=0.01s Real=0.00s
[2024-03-02T23:36:21.019-0600][0.673s] GC(1) Pause Young (Normal) (G1 Evacuation Pause)
[2024-03-02T23:36:21.019-0600][0.673s] GC(1) Using 8 workers of 8 for evacuation
[2024-03-02T23:36:21.023-0600][0.677s] GC(1)   Pre Evacuate Collection Set: 0.1ms
[2024-03-02T23:36:21.023-0600][0.677s] GC(1)   Merge Heap Roots: 0.0ms
[2024-03-02T23:36:21.023-0600][0.677s] GC(1)   Evacuate Collection Set: 3.9ms
[2024-03-02T23:36:21.023-0600][0.677s] GC(1)   Post Evacuate Collection Set: 0.3ms
[2024-03-02T23:36:21.023-0600][0.677s] GC(1)   Other: 0.0ms
[2024-03-02T23:36:21.024-0600][0.677s] GC(1) Eden regions: 57->0(93)
[2024-03-02T23:36:21.024-0600][0.677s] GC(1) Survivor regions: 4->8(8)
[2024-03-02T23:36:21.024-0600][0.677s] GC(1) Old regions: 2->9
[2024-03-02T23:36:21.024-0600][0.677s] GC(1) Humongous regions: 4->4
[2024-03-02T23:36:21.024-0600][0.677s] GC(1) Metaspace: 19496K(19904K)->19496K(19904K) NonClass: 17232K(17472K)->17232K(17472K) Class: 2263K(2432K)->2263K(2432K)
[2024-03-02T23:36:21.024-0600][0.677s] GC(1) Pause Young (Normal) (G1 Evacuation Pause) 65M->19M(512M) 4.483ms
[2024-03-02T23:36:21.024-0600][0.677s] GC(1) User=0.03s Sys=0.00s Real=0.01s
[2024-03-02T23:36:21.159-0600][0.813s] GC(2) Pause Young (Concurrent Start) (Metadata GC Threshold)
[2024-03-02T23:36:21.159-0600][0.813s] GC(2) Using 8 workers of 8 for evacuation
[2024-03-02T23:36:21.163-0600][0.816s] GC(2)   Pre Evacuate Collection Set: 0.1ms
[2024-03-02T23:36:21.163-0600][0.817s] GC(2)   Merge Heap Roots: 0.0ms
[2024-03-02T23:36:21.163-0600][0.817s] GC(2)   Evacuate Collection Set: 3.0ms
[2024-03-02T23:36:21.163-0600][0.817s] GC(2)   Post Evacuate Collection Set: 0.2ms
[2024-03-02T23:36:21.163-0600][0.817s] GC(2)   Other: 0.0ms
[2024-03-02T23:36:21.163-0600][0.817s] GC(2) Eden regions: 70->0(295)
[2024-03-02T23:36:21.163-0600][0.817s] GC(2) Survivor regions: 8->12(12)
[2024-03-02T23:36:21.163-0600][0.817s] GC(2) Old regions: 9->11
[2024-03-02T23:36:21.163-0600][0.817s] GC(2) Humongous regions: 4->4
[2024-03-02T23:36:21.163-0600][0.817s] GC(2) Metaspace: 21109K(21504K)->21109K(21504K) NonClass: 18685K(18880K)->18685K(18880K) Class: 2424K(2624K)->2424K(2624K)
[2024-03-02T23:36:21.163-0600][0.817s] GC(2) Pause Young (Concurrent Start) (Metadata GC Threshold) 89M->25M(512M) 3.569ms
[2024-03-02T23:36:21.163-0600][0.817s] GC(2) User=0.02s Sys=0.00s Real=0.01s
[2024-03-02T23:36:21.163-0600][0.817s] GC(3) Concurrent Mark Cycle
[2024-03-02T23:36:21.163-0600][0.817s] GC(3) Concurrent Scan Root Regions
[2024-03-02T23:36:21.164-0600][0.818s] GC(3) Concurrent Scan Root Regions 1.628ms
[2024-03-02T23:36:21.164-0600][0.818s] GC(3) Concurrent Mark
[2024-03-02T23:36:21.164-0600][0.818s] GC(3) Concurrent Mark From Roots
[2024-03-02T23:36:21.164-0600][0.818s] GC(3) Using 2 workers of 2 for marking
[2024-03-02T23:36:21.167-0600][0.821s] GC(3) Concurrent Mark From Roots 2.740ms
[2024-03-02T23:36:21.167-0600][0.821s] GC(3) Concurrent Preclean
[2024-03-02T23:36:21.167-0600][0.821s] GC(3) Concurrent Preclean 0.006ms
[2024-03-02T23:36:21.167-0600][0.821s] GC(3) Pause Remark
[2024-03-02T23:36:21.168-0600][0.822s] GC(3) Pause Remark 26M->26M(512M) 0.887ms
[2024-03-02T23:36:21.168-0600][0.822s] GC(3) User=0.01s Sys=0.00s Real=0.00s
[2024-03-02T23:36:21.168-0600][0.822s] GC(3) Concurrent Mark 3.757ms
[2024-03-02T23:36:21.168-0600][0.822s] GC(3) Concurrent Rebuild Remembered Sets and Scrub Regions
[2024-03-02T23:36:21.170-0600][0.824s] GC(3) Concurrent Rebuild Remembered Sets and Scrub Regions 1.853ms
[2024-03-02T23:36:21.170-0600][0.824s] GC(3) Pause Cleanup
[2024-03-02T23:36:21.170-0600][0.824s] GC(3) Pause Cleanup 26M->26M(512M) 0.067ms
[2024-03-02T23:36:21.170-0600][0.824s] GC(3) User=0.00s Sys=0.00s Real=0.00s
[2024-03-02T23:36:21.170-0600][0.824s] GC(3) Concurrent Clear Claimed Marks
[2024-03-02T23:36:21.170-0600][0.824s] GC(3) Concurrent Clear Claimed Marks 0.009ms
[2024-03-02T23:36:21.170-0600][0.824s] GC(3) Concurrent Cleanup for Next Mark
[2024-03-02T23:36:21.171-0600][0.825s] GC(3) Concurrent Cleanup for Next Mark 0.428ms
[2024-03-02T23:36:21.171-0600][0.825s] GC(3) Concurrent Mark Cycle 7.991ms
[2024-03-02T23:36:21.746-0600][1.400s] GC(4) Pause Young (Prepare Mixed) (Metadata GC Threshold)
[2024-03-02T23:36:21.746-0600][1.400s] GC(4) Using 8 workers of 8 for evacuation
[2024-03-02T23:36:21.749-0600][1.403s] GC(4)   Pre Evacuate Collection Set: 0.1ms
[2024-03-02T23:36:21.749-0600][1.403s] GC(4)   Merge Heap Roots: 0.0ms
[2024-03-02T23:36:21.749-0600][1.403s] GC(4)   Evacuate Collection Set: 2.8ms
[2024-03-02T23:36:21.749-0600][1.403s] GC(4)   Post Evacuate Collection Set: 0.2ms
[2024-03-02T23:36:21.749-0600][1.403s] GC(4)   Other: 0.0ms
[2024-03-02T23:36:21.749-0600][1.403s] GC(4) Eden regions: 93->0(241)
[2024-03-02T23:36:21.749-0600][1.403s] GC(4) Survivor regions: 12->16(39)
[2024-03-02T23:36:21.749-0600][1.403s] GC(4) Old regions: 11->11
[2024-03-02T23:36:21.749-0600][1.403s] GC(4) Humongous regions: 4->4
[2024-03-02T23:36:21.749-0600][1.403s] GC(4) Metaspace: 36831K(37248K)->36831K(37248K) NonClass: 32631K(32832K)->32631K(32832K) Class: 4199K(4416K)->4199K(4416K)
[2024-03-02T23:36:21.750-0600][1.403s] GC(4) Pause Young (Prepare Mixed) (Metadata GC Threshold) 117M->30M(512M) 3.283ms
[2024-03-02T23:36:21.750-0600][1.403s] GC(4) User=0.02s Sys=0.00s Real=0.01s
[2024-03-02T23:36:21.758-0600][1.412s] GC(5) Pause Young (Mixed) (Metadata GC Threshold)
[2024-03-02T23:36:21.758-0600][1.412s] GC(5) Using 8 workers of 8 for evacuation
[2024-03-02T23:36:21.761-0600][1.415s] GC(5)   Pre Evacuate Collection Set: 0.1ms
[2024-03-02T23:36:21.761-0600][1.415s] GC(5)   Merge Heap Roots: 0.0ms
[2024-03-02T23:36:21.761-0600][1.415s] GC(5)   Evacuate Collection Set: 2.8ms
[2024-03-02T23:36:21.761-0600][1.415s] GC(5)   Post Evacuate Collection Set: 0.2ms
[2024-03-02T23:36:21.761-0600][1.415s] GC(5)   Other: 0.0ms
[2024-03-02T23:36:21.761-0600][1.415s] GC(5) Eden regions: 4->0(225)
[2024-03-02T23:36:21.761-0600][1.415s] GC(5) Survivor regions: 16->16(33)
[2024-03-02T23:36:21.761-0600][1.415s] GC(5) Old regions: 11->11
[2024-03-02T23:36:21.761-0600][1.415s] GC(5) Humongous regions: 4->4
[2024-03-02T23:36:21.761-0600][1.415s] GC(5) Metaspace: 37093K(37568K)->37093K(37568K) NonClass: 32855K(33088K)->32855K(33088K) Class: 4238K(4480K)->4238K(4480K)
[2024-03-02T23:36:21.761-0600][1.415s] GC(5) Pause Young (Mixed) (Metadata GC Threshold) 33M->30M(512M) 3.181ms
[2024-03-02T23:36:21.761-0600][1.415s] GC(5) User=0.02s Sys=0.00s Real=0.01s
[2024-03-02T23:36:21.772-0600][1.426s] GC(6) Pause Young (Concurrent Start) (Metadata GC Threshold)
[2024-03-02T23:36:21.772-0600][1.426s] GC(6) Using 8 workers of 8 for evacuation
[2024-03-02T23:36:21.775-0600][1.429s] GC(6)   Pre Evacuate Collection Set: 0.1ms
[2024-03-02T23:36:21.775-0600][1.429s] GC(6)   Merge Heap Roots: 0.0ms
[2024-03-02T23:36:21.775-0600][1.429s] GC(6)   Evacuate Collection Set: 2.4ms
[2024-03-02T23:36:21.775-0600][1.429s] GC(6)   Post Evacuate Collection Set: 0.2ms
[2024-03-02T23:36:21.775-0600][1.429s] GC(6)   Other: 0.0ms
[2024-03-02T23:36:21.775-0600][1.429s] GC(6) Eden regions: 4->0(290)
[2024-03-02T23:36:21.775-0600][1.429s] GC(6) Survivor regions: 16->17(31)
[2024-03-02T23:36:21.775-0600][1.429s] GC(6) Old regions: 11->11
[2024-03-02T23:36:21.775-0600][1.429s] GC(6) Humongous regions: 4->4
[2024-03-02T23:36:21.775-0600][1.429s] GC(6) Metaspace: 37481K(37888K)->37481K(37888K) NonClass: 33193K(33408K)->33193K(33408K) Class: 4288K(4480K)->4288K(4480K)
[2024-03-02T23:36:21.775-0600][1.429s] GC(6) Pause Young (Concurrent Start) (Metadata GC Threshold) 33M->31M(512M) 2.885ms
[2024-03-02T23:36:21.775-0600][1.429s] GC(7) Concurrent Mark Cycle
[2024-03-02T23:36:21.775-0600][1.429s] GC(6) User=0.02s Sys=0.00s Real=0.00s
[2024-03-02T23:36:21.775-0600][1.429s] GC(7) Concurrent Scan Root Regions
[2024-03-02T23:36:21.777-0600][1.431s] GC(7) Concurrent Scan Root Regions 2.082ms
[2024-03-02T23:36:21.777-0600][1.431s] GC(7) Concurrent Mark
[2024-03-02T23:36:21.777-0600][1.431s] GC(7) Concurrent Mark From Roots
[2024-03-02T23:36:21.777-0600][1.431s] GC(7) Using 2 workers of 2 for marking
[2024-03-02T23:36:21.781-0600][1.435s] GC(7) Concurrent Mark From Roots 3.374ms
[2024-03-02T23:36:21.781-0600][1.435s] GC(7) Concurrent Preclean
[2024-03-02T23:36:21.781-0600][1.435s] GC(7) Concurrent Preclean 0.015ms
[2024-03-02T23:36:21.781-0600][1.435s] GC(7) Pause Remark
[2024-03-02T23:36:21.782-0600][1.436s] GC(7) Pause Remark 33M->33M(512M) 1.248ms
[2024-03-02T23:36:21.782-0600][1.436s] GC(7) User=0.00s Sys=0.00s Real=0.00s
[2024-03-02T23:36:21.782-0600][1.436s] GC(7) Concurrent Mark 4.721ms
[2024-03-02T23:36:21.782-0600][1.436s] GC(7) Concurrent Rebuild Remembered Sets and Scrub Regions
[2024-03-02T23:36:21.784-0600][1.438s] GC(7) Concurrent Rebuild Remembered Sets and Scrub Regions 1.870ms
[2024-03-02T23:36:21.784-0600][1.438s] GC(7) Pause Cleanup
[2024-03-02T23:36:21.784-0600][1.438s] GC(7) Pause Cleanup 33M->33M(512M) 0.047ms
[2024-03-02T23:36:21.784-0600][1.438s] GC(7) User=0.00s Sys=0.00s Real=0.00s
[2024-03-02T23:36:21.784-0600][1.438s] GC(7) Concurrent Clear Claimed Marks
[2024-03-02T23:36:21.784-0600][1.438s] GC(7) Concurrent Clear Claimed Marks 0.008ms
[2024-03-02T23:36:21.784-0600][1.438s] GC(7) Concurrent Cleanup for Next Mark
[2024-03-02T23:36:21.784-0600][1.438s] GC(7) Concurrent Cleanup for Next Mark 0.232ms
[2024-03-02T23:36:21.784-0600][1.438s] GC(7) Concurrent Mark Cycle 9.074ms
