[2024-04-09T19:38:25.531-0500][0.004s] CardTable entry size: 512
[2024-04-09T19:38:25.531-0500][0.004s] Using G1
[2024-04-09T19:38:25.594-0500][0.067s] Version: 22+36-2370 (release)
[2024-04-09T19:38:25.594-0500][0.067s] CPUs: 8 total, 8 available
[2024-04-09T19:38:25.594-0500][0.067s] Memory: 16384M
[2024-04-09T19:38:25.594-0500][0.067s] Large Page Support: Disabled
[2024-04-09T19:38:25.594-0500][0.067s] NUMA Support: Disabled
[2024-04-09T19:38:25.594-0500][0.067s] Compressed Oops: Enabled (Zero based)
[2024-04-09T19:38:25.594-0500][0.067s] Heap Region Size: 1M
[2024-04-09T19:38:25.594-0500][0.067s] Heap Min Capacity: 512M
[2024-04-09T19:38:25.594-0500][0.067s] Heap Initial Capacity: 512M
[2024-04-09T19:38:25.594-0500][0.067s] Heap Max Capacity: 512M
[2024-04-09T19:38:25.594-0500][0.067s] Pre-touch: Enabled
[2024-04-09T19:38:25.594-0500][0.067s] Parallel Workers: 8
[2024-04-09T19:38:25.594-0500][0.067s] Concurrent Workers: 2
[2024-04-09T19:38:25.594-0500][0.067s] Concurrent Refinement Workers: 8
[2024-04-09T19:38:25.594-0500][0.067s] Periodic GC: Disabled
[2024-04-09T19:38:25.603-0500][0.077s] CDS archive(s) mapped at: [0x00003ff800000000-0x00003ff800c70000-0x00003ff800c70000), size 13041664, SharedBaseAddress: 0x00003ff800000000, ArchiveRelocationMode: 1.
[2024-04-09T19:38:25.603-0500][0.077s] Compressed class space mapped at: 0x00003ff801000000-0x00003ff841000000, reserved size: 1073741824
[2024-04-09T19:38:25.603-0500][0.077s] Narrow klass base: 0x00003ff800000000, Narrow klass shift: 0, Narrow klass range: 0x100000000
[2024-04-09T19:38:26.083-0500][0.556s] GC(0) Pause Young (Normal) (G1 Evacuation Pause)
[2024-04-09T19:38:26.083-0500][0.556s] GC(0) Using 8 workers of 8 for evacuation
[2024-04-09T19:38:26.084-0500][0.558s] GC(0)   Pre Evacuate Collection Set: 0.12ms
[2024-04-09T19:38:26.084-0500][0.558s] GC(0)   Merge Heap Roots: 0.04ms
[2024-04-09T19:38:26.084-0500][0.558s] GC(0)   Evacuate Collection Set: 0.95ms
[2024-04-09T19:38:26.084-0500][0.558s] GC(0)   Post Evacuate Collection Set: 0.12ms
[2024-04-09T19:38:26.084-0500][0.558s] GC(0)   Other: 0.19ms
[2024-04-09T19:38:26.084-0500][0.558s] GC(0) Eden regions: 30->0(69)
[2024-04-09T19:38:26.084-0500][0.558s] GC(0) Survivor regions: 0->3(4)
[2024-04-09T19:38:26.084-0500][0.558s] GC(0) Old regions: 2->2
[2024-04-09T19:38:26.084-0500][0.558s] GC(0) Humongous regions: 0->0
[2024-04-09T19:38:26.084-0500][0.558s] GC(0) Metaspace: 7113K(7360K)->7113K(7360K) NonClass: 6270K(6400K)->6270K(6400K) Class: 842K(960K)->842K(960K)
[2024-04-09T19:38:26.085-0500][0.558s] GC(0) Pause Young (Normal) (G1 Evacuation Pause) 31M->3M(512M) 1.637ms
[2024-04-09T19:38:26.085-0500][0.558s] GC(0) User=0.01s Sys=0.00s Real=0.00s
[2024-04-09T19:38:26.795-0500][1.268s] GC(1) Pause Young (Normal) (G1 Evacuation Pause)
[2024-04-09T19:38:26.795-0500][1.268s] GC(1) Using 8 workers of 8 for evacuation
[2024-04-09T19:38:26.799-0500][1.272s] GC(1)   Pre Evacuate Collection Set: 0.13ms
[2024-04-09T19:38:26.799-0500][1.273s] GC(1)   Merge Heap Roots: 0.04ms
[2024-04-09T19:38:26.799-0500][1.273s] GC(1)   Evacuate Collection Set: 3.81ms
[2024-04-09T19:38:26.799-0500][1.273s] GC(1)   Post Evacuate Collection Set: 0.35ms
[2024-04-09T19:38:26.799-0500][1.273s] GC(1)   Other: 0.05ms
[2024-04-09T19:38:26.799-0500][1.273s] GC(1) Eden regions: 69->0(119)
[2024-04-09T19:38:26.799-0500][1.273s] GC(1) Survivor regions: 3->9(9)
[2024-04-09T19:38:26.799-0500][1.273s] GC(1) Old regions: 2->8
[2024-04-09T19:38:26.799-0500][1.273s] GC(1) Humongous regions: 4->4
[2024-04-09T19:38:26.799-0500][1.273s] GC(1) Metaspace: 19176K(19584K)->19176K(19584K) NonClass: 16893K(17152K)->16893K(17152K) Class: 2282K(2432K)->2282K(2432K)
[2024-04-09T19:38:26.799-0500][1.273s] GC(1) Pause Young (Normal) (G1 Evacuation Pause) 76M->19M(512M) 4.540ms
[2024-04-09T19:38:26.799-0500][1.273s] GC(1) User=0.03s Sys=0.00s Real=0.00s
[2024-04-09T19:38:26.947-0500][1.420s] GC(2) Pause Young (Normal) (G1 Evacuation Pause)
[2024-04-09T19:38:26.947-0500][1.421s] GC(2) Using 8 workers of 8 for evacuation
[2024-04-09T19:38:26.952-0500][1.425s] GC(2)   Pre Evacuate Collection Set: 0.07ms
[2024-04-09T19:38:26.952-0500][1.425s] GC(2)   Merge Heap Roots: 0.04ms
[2024-04-09T19:38:26.952-0500][1.425s] GC(2)   Evacuate Collection Set: 3.98ms
[2024-04-09T19:38:26.952-0500][1.425s] GC(2)   Post Evacuate Collection Set: 0.31ms
[2024-04-09T19:38:26.952-0500][1.425s] GC(2)   Other: 0.06ms
[2024-04-09T19:38:26.952-0500][1.425s] GC(2) Eden regions: 110->0(295)
[2024-04-09T19:38:26.952-0500][1.425s] GC(2) Survivor regions: 9->12(15)
[2024-04-09T19:38:26.952-0500][1.425s] GC(2) Old regions: 8->10
[2024-04-09T19:38:26.952-0500][1.425s] GC(2) Humongous regions: 4->4
[2024-04-09T19:38:26.952-0500][1.425s] GC(2) Metaspace: 19290K(19648K)->19290K(19648K) NonClass: 17007K(17216K)->17007K(17216K) Class: 2283K(2432K)->2283K(2432K)
[2024-04-09T19:38:26.952-0500][1.425s] GC(2) Pause Young (Normal) (G1 Evacuation Pause) 129M->23M(512M) 4.607ms
[2024-04-09T19:38:26.952-0500][1.425s] GC(2) User=0.01s Sys=0.00s Real=0.01s
[2024-04-09T19:38:27.107-0500][1.580s] GC(3) Pause Young (Concurrent Start) (Metadata GC Threshold)
[2024-04-09T19:38:27.107-0500][1.580s] GC(3) Using 8 workers of 8 for evacuation
[2024-04-09T19:38:27.109-0500][1.583s] GC(3)   Pre Evacuate Collection Set: 0.10ms
[2024-04-09T19:38:27.109-0500][1.583s] GC(3)   Merge Heap Roots: 0.04ms
[2024-04-09T19:38:27.109-0500][1.583s] GC(3)   Evacuate Collection Set: 2.03ms
[2024-04-09T19:38:27.109-0500][1.583s] GC(3)   Post Evacuate Collection Set: 0.19ms
[2024-04-09T19:38:27.109-0500][1.583s] GC(3)   Other: 0.05ms
[2024-04-09T19:38:27.109-0500][1.583s] GC(3) Eden regions: 75->0(294)
[2024-04-09T19:38:27.109-0500][1.583s] GC(3) Survivor regions: 12->13(39)
[2024-04-09T19:38:27.109-0500][1.583s] GC(3) Old regions: 10->10
[2024-04-09T19:38:27.109-0500][1.583s] GC(3) Humongous regions: 4->4
[2024-04-09T19:38:27.109-0500][1.583s] GC(3) Metaspace: 21048K(21504K)->21048K(21504K) NonClass: 18547K(18816K)->18547K(18816K) Class: 2500K(2688K)->2500K(2688K)
[2024-04-09T19:38:27.109-0500][1.583s] GC(3) Pause Young (Concurrent Start) (Metadata GC Threshold) 98M->25M(512M) 2.535ms
[2024-04-09T19:38:27.109-0500][1.583s] GC(4) Concurrent Mark Cycle
[2024-04-09T19:38:27.109-0500][1.583s] GC(3) User=0.01s Sys=0.00s Real=0.00s
[2024-04-09T19:38:27.109-0500][1.583s] GC(4) Concurrent Scan Root Regions
[2024-04-09T19:38:27.111-0500][1.585s] GC(4) Concurrent Scan Root Regions 1.935ms
[2024-04-09T19:38:27.111-0500][1.585s] GC(4) Concurrent Mark
[2024-04-09T19:38:27.111-0500][1.585s] GC(4) Concurrent Mark From Roots
[2024-04-09T19:38:27.111-0500][1.585s] GC(4) Using 2 workers of 2 for marking
[2024-04-09T19:38:27.115-0500][1.588s] GC(4) Concurrent Mark From Roots 3.466ms
[2024-04-09T19:38:27.115-0500][1.588s] GC(4) Concurrent Preclean
[2024-04-09T19:38:27.115-0500][1.588s] GC(4) Concurrent Preclean 0.016ms
[2024-04-09T19:38:27.115-0500][1.588s] GC(4) Pause Remark
[2024-04-09T19:38:27.116-0500][1.589s] GC(4) Pause Remark 27M->27M(512M) 1.122ms
[2024-04-09T19:38:27.116-0500][1.590s] GC(4) User=0.01s Sys=0.00s Real=0.00s
[2024-04-09T19:38:27.116-0500][1.590s] GC(4) Concurrent Mark 4.755ms
[2024-04-09T19:38:27.116-0500][1.590s] GC(4) Concurrent Rebuild Remembered Sets and Scrub Regions
[2024-04-09T19:38:27.118-0500][1.592s] GC(4) Concurrent Rebuild Remembered Sets and Scrub Regions 1.993ms
[2024-04-09T19:38:27.118-0500][1.592s] GC(4) Pause Cleanup
[2024-04-09T19:38:27.118-0500][1.592s] GC(4) Pause Cleanup 27M->27M(512M) 0.068ms
[2024-04-09T19:38:27.118-0500][1.592s] GC(4) User=0.00s Sys=0.00s Real=0.00s
[2024-04-09T19:38:27.118-0500][1.592s] GC(4) Concurrent Clear Claimed Marks
[2024-04-09T19:38:27.118-0500][1.592s] GC(4) Concurrent Clear Claimed Marks 0.037ms
[2024-04-09T19:38:27.118-0500][1.592s] GC(4) Concurrent Cleanup for Next Mark
[2024-04-09T19:38:27.119-0500][1.592s] GC(4) Concurrent Cleanup for Next Mark 0.469ms
[2024-04-09T19:38:27.119-0500][1.592s] GC(4) Concurrent Mark Cycle 9.422ms
[2024-04-09T19:38:27.784-0500][2.257s] GC(5) Pause Young (Prepare Mixed) (Metadata GC Threshold)
[2024-04-09T19:38:27.784-0500][2.257s] GC(5) Using 8 workers of 8 for evacuation
[2024-04-09T19:38:27.788-0500][2.262s] GC(5)   Pre Evacuate Collection Set: 0.09ms
[2024-04-09T19:38:27.788-0500][2.262s] GC(5)   Merge Heap Roots: 0.05ms
[2024-04-09T19:38:27.788-0500][2.262s] GC(5)   Evacuate Collection Set: 3.70ms
[2024-04-09T19:38:27.788-0500][2.262s] GC(5)   Post Evacuate Collection Set: 0.40ms
[2024-04-09T19:38:27.788-0500][2.262s] GC(5)   Other: 0.05ms
[2024-04-09T19:38:27.788-0500][2.262s] GC(5) Eden regions: 110->0(289)
[2024-04-09T19:38:27.788-0500][2.262s] GC(5) Survivor regions: 13->18(39)
[2024-04-09T19:38:27.788-0500][2.262s] GC(5) Old regions: 10->10
[2024-04-09T19:38:27.788-0500][2.262s] GC(5) Humongous regions: 4->4
[2024-04-09T19:38:27.788-0500][2.262s] GC(5) Metaspace: 35483K(35968K)->35483K(35968K) NonClass: 31198K(31424K)->31198K(31424K) Class: 4284K(4544K)->4284K(4544K)
[2024-04-09T19:38:27.788-0500][2.262s] GC(5) Pause Young (Prepare Mixed) (Metadata GC Threshold) 135M->30M(512M) 4.443ms
[2024-04-09T19:38:27.788-0500][2.262s] GC(5) User=0.03s Sys=0.00s Real=0.00s
[2024-04-09T19:38:27.807-0500][2.280s] GC(6) Pause Young (Mixed) (Metadata GC Threshold)
[2024-04-09T19:38:27.807-0500][2.280s] GC(6) Using 8 workers of 8 for evacuation
[2024-04-09T19:38:27.810-0500][2.284s] GC(6)   Pre Evacuate Collection Set: 0.08ms
[2024-04-09T19:38:27.811-0500][2.284s] GC(6)   Merge Heap Roots: 0.04ms
[2024-04-09T19:38:27.811-0500][2.284s] GC(6)   Evacuate Collection Set: 3.05ms
[2024-04-09T19:38:27.811-0500][2.284s] GC(6)   Post Evacuate Collection Set: 0.24ms
[2024-04-09T19:38:27.811-0500][2.284s] GC(6)   Other: 0.05ms
[2024-04-09T19:38:27.811-0500][2.284s] GC(6) Eden regions: 4->0(289)
[2024-04-09T19:38:27.811-0500][2.284s] GC(6) Survivor regions: 18->18(39)
[2024-04-09T19:38:27.811-0500][2.284s] GC(6) Old regions: 10->9
[2024-04-09T19:38:27.811-0500][2.284s] GC(6) Humongous regions: 4->4
[2024-04-09T19:38:27.811-0500][2.284s] GC(6) Metaspace: 35841K(36288K)->35841K(36288K) NonClass: 31498K(31744K)->31498K(31744K) Class: 4342K(4544K)->4342K(4544K)
[2024-04-09T19:38:27.811-0500][2.284s] GC(6) Pause Young (Mixed) (Metadata GC Threshold) 34M->30M(512M) 3.598ms
[2024-04-09T19:38:27.811-0500][2.284s] GC(6) User=0.02s Sys=0.00s Real=0.01s
[2024-04-09T19:38:27.836-0500][2.310s] GC(7) Pause Young (Concurrent Start) (Metadata GC Threshold)
[2024-04-09T19:38:27.836-0500][2.310s] GC(7) Using 8 workers of 8 for evacuation
[2024-04-09T19:38:27.840-0500][2.313s] GC(7)   Pre Evacuate Collection Set: 0.07ms
[2024-04-09T19:38:27.840-0500][2.313s] GC(7)   Merge Heap Roots: 0.05ms
[2024-04-09T19:38:27.840-0500][2.313s] GC(7)   Evacuate Collection Set: 3.29ms
[2024-04-09T19:38:27.840-0500][2.313s] GC(7)   Post Evacuate Collection Set: 0.32ms
[2024-04-09T19:38:27.840-0500][2.313s] GC(7)   Other: 0.05ms
[2024-04-09T19:38:27.840-0500][2.313s] GC(7) Eden regions: 6->0(288)
[2024-04-09T19:38:27.840-0500][2.313s] GC(7) Survivor regions: 18->19(39)
[2024-04-09T19:38:27.840-0500][2.313s] GC(7) Old regions: 9->9
[2024-04-09T19:38:27.840-0500][2.313s] GC(7) Humongous regions: 4->4
[2024-04-09T19:38:27.840-0500][2.313s] GC(7) Metaspace: 36146K(36608K)->36146K(36608K) NonClass: 31761K(32000K)->31761K(32000K) Class: 4385K(4608K)->4385K(4608K)
[2024-04-09T19:38:27.840-0500][2.313s] GC(7) Pause Young (Concurrent Start) (Metadata GC Threshold) 35M->30M(512M) 3.912ms
[2024-04-09T19:38:27.840-0500][2.313s] GC(8) Concurrent Mark Cycle
[2024-04-09T19:38:27.840-0500][2.313s] GC(7) User=0.03s Sys=0.01s Real=0.01s
[2024-04-09T19:38:27.840-0500][2.314s] GC(8) Concurrent Scan Root Regions
[2024-04-09T19:38:27.843-0500][2.316s] GC(8) Concurrent Scan Root Regions 2.551ms
[2024-04-09T19:38:27.843-0500][2.316s] GC(8) Concurrent Mark
[2024-04-09T19:38:27.843-0500][2.316s] GC(8) Concurrent Mark From Roots
[2024-04-09T19:38:27.843-0500][2.316s] GC(8) Using 2 workers of 2 for marking
[2024-04-09T19:38:27.847-0500][2.320s] GC(8) Concurrent Mark From Roots 4.318ms
[2024-04-09T19:38:27.847-0500][2.320s] GC(8) Concurrent Preclean
[2024-04-09T19:38:27.847-0500][2.321s] GC(8) Concurrent Preclean 0.018ms
[2024-04-09T19:38:27.847-0500][2.321s] GC(8) Pause Remark
[2024-04-09T19:38:27.849-0500][2.322s] GC(8) Pause Remark 32M->32M(512M) 1.732ms
[2024-04-09T19:38:27.849-0500][2.322s] GC(8) User=0.01s Sys=0.00s Real=0.00s
[2024-04-09T19:38:27.849-0500][2.322s] GC(8) Concurrent Mark 6.230ms
[2024-04-09T19:38:27.849-0500][2.322s] GC(8) Concurrent Rebuild Remembered Sets and Scrub Regions
[2024-04-09T19:38:27.851-0500][2.325s] GC(8) Concurrent Rebuild Remembered Sets and Scrub Regions 2.208ms
[2024-04-09T19:38:27.851-0500][2.325s] GC(8) Pause Cleanup
[2024-04-09T19:38:27.851-0500][2.325s] GC(8) Pause Cleanup 33M->33M(512M) 0.078ms
[2024-04-09T19:38:27.851-0500][2.325s] GC(8) User=0.00s Sys=0.00s Real=0.00s
[2024-04-09T19:38:27.851-0500][2.325s] GC(8) Concurrent Clear Claimed Marks
[2024-04-09T19:38:27.851-0500][2.325s] GC(8) Concurrent Clear Claimed Marks 0.035ms
[2024-04-09T19:38:27.851-0500][2.325s] GC(8) Concurrent Cleanup for Next Mark
[2024-04-09T19:38:27.852-0500][2.325s] GC(8) Concurrent Cleanup for Next Mark 0.271ms
[2024-04-09T19:38:27.852-0500][2.325s] GC(8) Concurrent Mark Cycle 11.587ms
[2024-04-09T19:38:31.580-0500][6.054s] GC(9) Pause Young (Prepare Mixed) (G1 Evacuation Pause)
[2024-04-09T19:38:31.580-0500][6.054s] GC(9) Using 8 workers of 8 for evacuation
[2024-04-09T19:38:31.592-0500][6.065s] GC(9)   Pre Evacuate Collection Set: 0.12ms
[2024-04-09T19:38:31.592-0500][6.065s] GC(9)   Merge Heap Roots: 0.10ms
[2024-04-09T19:38:31.592-0500][6.065s] GC(9)   Evacuate Collection Set: 10.12ms
[2024-04-09T19:38:31.592-0500][6.065s] GC(9)   Post Evacuate Collection Set: 0.86ms
[2024-04-09T19:38:31.592-0500][6.065s] GC(9)   Other: 0.14ms
[2024-04-09T19:38:31.592-0500][6.065s] GC(9) Eden regions: 288->0(272)
[2024-04-09T19:38:31.592-0500][6.065s] GC(9) Survivor regions: 19->35(39)
[2024-04-09T19:38:31.592-0500][6.065s] GC(9) Old regions: 9->9
[2024-04-09T19:38:31.592-0500][6.065s] GC(9) Humongous regions: 5->5
[2024-04-09T19:38:31.592-0500][6.065s] GC(9) Metaspace: 53442K(54080K)->53442K(54080K) NonClass: 46662K(47040K)->46662K(47040K) Class: 6780K(7040K)->6780K(7040K)
[2024-04-09T19:38:31.592-0500][6.065s] GC(9) Pause Young (Prepare Mixed) (G1 Evacuation Pause) 319M->47M(512M) 11.530ms
[2024-04-09T19:38:31.592-0500][6.065s] GC(9) User=0.06s Sys=0.00s Real=0.01s
[2024-04-09T20:58:53.733-0500][2738.696s] GC(10) Pause Young (Mixed) (G1 Evacuation Pause)
[2024-04-09T20:58:53.734-0500][2738.696s] GC(10) Using 8 workers of 8 for evacuation
[2024-04-09T20:58:53.754-0500][2738.717s] GC(10)   Pre Evacuate Collection Set: 0.24ms
[2024-04-09T20:58:53.754-0500][2738.717s] GC(10)   Merge Heap Roots: 0.14ms
[2024-04-09T20:58:53.754-0500][2738.717s] GC(10)   Evacuate Collection Set: 18.75ms
[2024-04-09T20:58:53.754-0500][2738.717s] GC(10)   Post Evacuate Collection Set: 1.59ms
[2024-04-09T20:58:53.754-0500][2738.717s] GC(10)   Other: 0.06ms
[2024-04-09T20:58:53.754-0500][2738.717s] GC(10) Eden regions: 272->0(279)
[2024-04-09T20:58:53.754-0500][2738.717s] GC(10) Survivor regions: 35->28(39)
[2024-04-09T20:58:53.754-0500][2738.717s] GC(10) Old regions: 9->25
[2024-04-09T20:58:53.754-0500][2738.717s] GC(10) Humongous regions: 6->6
[2024-04-09T20:58:53.754-0500][2738.717s] GC(10) Metaspace: 56418K(57088K)->56418K(57088K) NonClass: 49398K(49792K)->49398K(49792K) Class: 7020K(7296K)->7020K(7296K)
[2024-04-09T20:58:53.754-0500][2738.717s] GC(10) Pause Young (Mixed) (G1 Evacuation Pause) 320M->58M(512M) 21.163ms
[2024-04-09T20:58:53.754-0500][2738.717s] GC(10) User=0.05s Sys=0.04s Real=0.02s
[2024-04-09T20:58:54.596-0500][2739.559s] GC(11) Pause Young (Normal) (G1 Evacuation Pause)
[2024-04-09T20:58:54.596-0500][2739.559s] GC(11) Using 8 workers of 8 for evacuation
[2024-04-09T20:58:54.603-0500][2739.566s] GC(11)   Pre Evacuate Collection Set: 0.11ms
[2024-04-09T20:58:54.603-0500][2739.566s] GC(11)   Merge Heap Roots: 0.07ms
[2024-04-09T20:58:54.603-0500][2739.566s] GC(11)   Evacuate Collection Set: 6.31ms
[2024-04-09T20:58:54.603-0500][2739.566s] GC(11)   Post Evacuate Collection Set: 0.46ms
[2024-04-09T20:58:54.603-0500][2739.566s] GC(11)   Other: 0.06ms
[2024-04-09T20:58:54.603-0500][2739.566s] GC(11) Eden regions: 279->0(274)
[2024-04-09T20:58:54.603-0500][2739.566s] GC(11) Survivor regions: 28->33(39)
[2024-04-09T20:58:54.603-0500][2739.566s] GC(11) Old regions: 25->42
[2024-04-09T20:58:54.603-0500][2739.566s] GC(11) Humongous regions: 8->7
[2024-04-09T20:58:54.603-0500][2739.566s] GC(11) Metaspace: 56460K(57152K)->56460K(57152K) NonClass: 49439K(49856K)->49439K(49856K) Class: 7020K(7296K)->7020K(7296K)
[2024-04-09T20:58:54.603-0500][2739.566s] GC(11) Pause Young (Normal) (G1 Evacuation Pause) 339M->81M(512M) 7.151ms
[2024-04-09T20:58:54.603-0500][2739.566s] GC(11) User=0.03s Sys=0.01s Real=0.01s
[2024-04-09T20:58:55.282-0500][2740.244s] GC(12) Pause Young (Normal) (G1 Evacuation Pause)
[2024-04-09T20:58:55.282-0500][2740.244s] GC(12) Using 8 workers of 8 for evacuation
[2024-04-09T20:58:55.288-0500][2740.251s] GC(12)   Pre Evacuate Collection Set: 0.12ms
[2024-04-09T20:58:55.288-0500][2740.251s] GC(12)   Merge Heap Roots: 0.06ms
[2024-04-09T20:58:55.288-0500][2740.251s] GC(12)   Evacuate Collection Set: 6.05ms
[2024-04-09T20:58:55.288-0500][2740.251s] GC(12)   Post Evacuate Collection Set: 0.40ms
[2024-04-09T20:58:55.288-0500][2740.251s] GC(12)   Other: 0.06ms
[2024-04-09T20:58:55.288-0500][2740.251s] GC(12) Eden regions: 274->0(287)
[2024-04-09T20:58:55.288-0500][2740.251s] GC(12) Survivor regions: 33->20(39)
[2024-04-09T20:58:55.288-0500][2740.251s] GC(12) Old regions: 42->65
[2024-04-09T20:58:55.288-0500][2740.251s] GC(12) Humongous regions: 24->22
[2024-04-09T20:58:55.288-0500][2740.251s] GC(12) Metaspace: 56468K(57152K)->56468K(57152K) NonClass: 49447K(49856K)->49447K(49856K) Class: 7020K(7296K)->7020K(7296K)
[2024-04-09T20:58:55.288-0500][2740.251s] GC(12) Pause Young (Normal) (G1 Evacuation Pause) 372M->106M(512M) 6.826ms
[2024-04-09T20:58:55.289-0500][2740.251s] GC(12) User=0.02s Sys=0.01s Real=0.00s
[2024-04-09T20:58:57.151-0500][2742.114s] GC(13) Pause Young (Normal) (G1 Evacuation Pause)
[2024-04-09T20:58:57.151-0500][2742.114s] GC(13) Using 8 workers of 8 for evacuation
[2024-04-09T20:58:57.154-0500][2742.116s] GC(13)   Pre Evacuate Collection Set: 0.13ms
[2024-04-09T20:58:57.154-0500][2742.116s] GC(13)   Merge Heap Roots: 0.07ms
[2024-04-09T20:58:57.154-0500][2742.116s] GC(13)   Evacuate Collection Set: 2.22ms
[2024-04-09T20:58:57.154-0500][2742.116s] GC(13)   Post Evacuate Collection Set: 0.32ms
[2024-04-09T20:58:57.154-0500][2742.116s] GC(13)   Other: 0.06ms
[2024-04-09T20:58:57.154-0500][2742.116s] GC(13) Eden regions: 287->0(280)
[2024-04-09T20:58:57.154-0500][2742.117s] GC(13) Survivor regions: 20->27(39)
[2024-04-09T20:58:57.154-0500][2742.117s] GC(13) Old regions: 65->65
[2024-04-09T20:58:57.154-0500][2742.117s] GC(13) Humongous regions: 30->23
[2024-04-09T20:58:57.154-0500][2742.117s] GC(13) Metaspace: 57335K(58048K)->57335K(58048K) NonClass: 50223K(50624K)->50223K(50624K) Class: 7112K(7424K)->7112K(7424K)
[2024-04-09T20:58:57.154-0500][2742.117s] GC(13) Pause Young (Normal) (G1 Evacuation Pause) 401M->114M(512M) 2.923ms
[2024-04-09T20:58:57.154-0500][2742.117s] GC(13) User=0.01s Sys=0.00s Real=0.00s
