[2024-03-31T23:12:35.338-0500][0.003s] CardTable entry size: 512
[2024-03-31T23:12:35.338-0500][0.003s] Using G1
[2024-03-31T23:12:35.377-0500][0.043s] Version: 22+36-2370 (release)
[2024-03-31T23:12:35.377-0500][0.043s] CPUs: 8 total, 8 available
[2024-03-31T23:12:35.377-0500][0.043s] Memory: 16384M
[2024-03-31T23:12:35.377-0500][0.043s] Large Page Support: Disabled
[2024-03-31T23:12:35.377-0500][0.043s] NUMA Support: Disabled
[2024-03-31T23:12:35.377-0500][0.043s] Compressed Oops: Enabled (Zero based)
[2024-03-31T23:12:35.377-0500][0.043s] Heap Region Size: 1M
[2024-03-31T23:12:35.377-0500][0.043s] Heap Min Capacity: 512M
[2024-03-31T23:12:35.377-0500][0.043s] Heap Initial Capacity: 512M
[2024-03-31T23:12:35.377-0500][0.043s] Heap Max Capacity: 512M
[2024-03-31T23:12:35.377-0500][0.043s] Pre-touch: Enabled
[2024-03-31T23:12:35.377-0500][0.043s] Parallel Workers: 8
[2024-03-31T23:12:35.377-0500][0.043s] Concurrent Workers: 2
[2024-03-31T23:12:35.377-0500][0.043s] Concurrent Refinement Workers: 8
[2024-03-31T23:12:35.377-0500][0.043s] Periodic GC: Disabled
[2024-03-31T23:12:35.382-0500][0.047s] CDS archive(s) mapped at: [0x00007f8000000000-0x00007f8000c70000-0x00007f8000c70000), size 13041664, SharedBaseAddress: 0x00007f8000000000, ArchiveRelocationMode: 1.
[2024-03-31T23:12:35.382-0500][0.047s] Compressed class space mapped at: 0x00007f8001000000-0x00007f8041000000, reserved size: 1073741824
[2024-03-31T23:12:35.382-0500][0.047s] Narrow klass base: 0x00007f8000000000, Narrow klass shift: 0, Narrow klass range: 0x100000000
[2024-03-31T23:12:35.653-0500][0.319s] GC(0) Pause Young (Normal) (G1 Evacuation Pause)
[2024-03-31T23:12:35.653-0500][0.319s] GC(0) Using 8 workers of 8 for evacuation
[2024-03-31T23:12:35.655-0500][0.320s] GC(0)   Pre Evacuate Collection Set: 0.12ms
[2024-03-31T23:12:35.655-0500][0.320s] GC(0)   Merge Heap Roots: 0.04ms
[2024-03-31T23:12:35.655-0500][0.320s] GC(0)   Evacuate Collection Set: 0.83ms
[2024-03-31T23:12:35.655-0500][0.320s] GC(0)   Post Evacuate Collection Set: 0.14ms
[2024-03-31T23:12:35.655-0500][0.320s] GC(0)   Other: 0.17ms
[2024-03-31T23:12:35.655-0500][0.320s] GC(0) Eden regions: 30->0(69)
[2024-03-31T23:12:35.655-0500][0.320s] GC(0) Survivor regions: 0->3(4)
[2024-03-31T23:12:35.655-0500][0.320s] GC(0) Old regions: 2->2
[2024-03-31T23:12:35.655-0500][0.320s] GC(0) Humongous regions: 0->0
[2024-03-31T23:12:35.655-0500][0.320s] GC(0) Metaspace: 6970K(7232K)->6970K(7232K) NonClass: 6149K(6272K)->6149K(6272K) Class: 820K(960K)->820K(960K)
[2024-03-31T23:12:35.655-0500][0.320s] GC(0) Pause Young (Normal) (G1 Evacuation Pause) 31M->3M(512M) 1.444ms
[2024-03-31T23:12:35.655-0500][0.320s] GC(0) User=0.01s Sys=0.00s Real=0.00s
[2024-03-31T23:12:36.244-0500][0.909s] GC(1) Pause Young (Normal) (G1 Evacuation Pause)
[2024-03-31T23:12:36.244-0500][0.909s] GC(1) Using 8 workers of 8 for evacuation
[2024-03-31T23:12:36.248-0500][0.914s] GC(1)   Pre Evacuate Collection Set: 0.13ms
[2024-03-31T23:12:36.248-0500][0.914s] GC(1)   Merge Heap Roots: 0.04ms
[2024-03-31T23:12:36.248-0500][0.914s] GC(1)   Evacuate Collection Set: 3.93ms
[2024-03-31T23:12:36.248-0500][0.914s] GC(1)   Post Evacuate Collection Set: 0.27ms
[2024-03-31T23:12:36.248-0500][0.914s] GC(1)   Other: 0.05ms
[2024-03-31T23:12:36.248-0500][0.914s] GC(1) Eden regions: 69->0(176)
[2024-03-31T23:12:36.248-0500][0.914s] GC(1) Survivor regions: 3->9(9)
[2024-03-31T23:12:36.248-0500][0.914s] GC(1) Old regions: 2->8
[2024-03-31T23:12:36.248-0500][0.914s] GC(1) Humongous regions: 4->4
[2024-03-31T23:12:36.248-0500][0.914s] GC(1) Metaspace: 19191K(19584K)->19191K(19584K) NonClass: 16909K(17152K)->16909K(17152K) Class: 2282K(2432K)->2282K(2432K)
[2024-03-31T23:12:36.248-0500][0.914s] GC(1) Pause Young (Normal) (G1 Evacuation Pause) 76M->19M(512M) 4.635ms
[2024-03-31T23:12:36.248-0500][0.914s] GC(1) User=0.03s Sys=0.00s Real=0.00s
[2024-03-31T23:12:36.425-0500][1.091s] GC(2) Pause Young (Normal) (G1 Evacuation Pause)
[2024-03-31T23:12:36.425-0500][1.091s] GC(2) Using 8 workers of 8 for evacuation
[2024-03-31T23:12:36.428-0500][1.094s] GC(2)   Pre Evacuate Collection Set: 0.12ms
[2024-03-31T23:12:36.428-0500][1.094s] GC(2)   Merge Heap Roots: 0.06ms
[2024-03-31T23:12:36.428-0500][1.094s] GC(2)   Evacuate Collection Set: 2.58ms
[2024-03-31T23:12:36.428-0500][1.094s] GC(2)   Post Evacuate Collection Set: 0.28ms
[2024-03-31T23:12:36.428-0500][1.094s] GC(2)   Other: 0.07ms
[2024-03-31T23:12:36.428-0500][1.094s] GC(2) Eden regions: 161->0(293)
[2024-03-31T23:12:36.428-0500][1.094s] GC(2) Survivor regions: 9->14(22)
[2024-03-31T23:12:36.428-0500][1.094s] GC(2) Old regions: 8->8
[2024-03-31T23:12:36.428-0500][1.094s] GC(2) Humongous regions: 4->4
[2024-03-31T23:12:36.428-0500][1.094s] GC(2) Metaspace: 19353K(19776K)->19353K(19776K) NonClass: 17067K(17280K)->17067K(17280K) Class: 2285K(2496K)->2285K(2496K)
[2024-03-31T23:12:36.428-0500][1.094s] GC(2) Pause Young (Normal) (G1 Evacuation Pause) 180M->24M(512M) 3.272ms
[2024-03-31T23:12:36.428-0500][1.094s] GC(2) User=0.02s Sys=0.00s Real=0.00s
[2024-03-31T23:12:36.515-0500][1.180s] GC(3) Pause Young (Concurrent Start) (Metadata GC Threshold)
[2024-03-31T23:12:36.515-0500][1.180s] GC(3) Using 8 workers of 8 for evacuation
[2024-03-31T23:12:36.517-0500][1.183s] GC(3)   Pre Evacuate Collection Set: 0.13ms
[2024-03-31T23:12:36.517-0500][1.183s] GC(3)   Merge Heap Roots: 0.03ms
[2024-03-31T23:12:36.517-0500][1.183s] GC(3)   Evacuate Collection Set: 2.35ms
[2024-03-31T23:12:36.517-0500][1.183s] GC(3)   Post Evacuate Collection Set: 0.22ms
[2024-03-31T23:12:36.518-0500][1.183s] GC(3)   Other: 0.05ms
[2024-03-31T23:12:36.518-0500][1.183s] GC(3) Eden regions: 29->0(292)
[2024-03-31T23:12:36.518-0500][1.183s] GC(3) Survivor regions: 14->15(39)
[2024-03-31T23:12:36.518-0500][1.183s] GC(3) Old regions: 8->8
[2024-03-31T23:12:36.518-0500][1.183s] GC(3) Humongous regions: 4->4
[2024-03-31T23:12:36.518-0500][1.183s] GC(3) Metaspace: 21057K(21504K)->21057K(21504K) NonClass: 18557K(18816K)->18557K(18816K) Class: 2500K(2688K)->2500K(2688K)
[2024-03-31T23:12:36.518-0500][1.183s] GC(3) Pause Young (Concurrent Start) (Metadata GC Threshold) 52M->25M(512M) 2.924ms
[2024-03-31T23:12:36.518-0500][1.183s] GC(4) Concurrent Mark Cycle
[2024-03-31T23:12:36.518-0500][1.183s] GC(3) User=0.02s Sys=0.00s Real=0.00s
[2024-03-31T23:12:36.518-0500][1.183s] GC(4) Concurrent Scan Root Regions
[2024-03-31T23:12:36.519-0500][1.185s] GC(4) Concurrent Scan Root Regions 1.872ms
[2024-03-31T23:12:36.519-0500][1.185s] GC(4) Concurrent Mark
[2024-03-31T23:12:36.519-0500][1.185s] GC(4) Concurrent Mark From Roots
[2024-03-31T23:12:36.519-0500][1.185s] GC(4) Using 2 workers of 2 for marking
[2024-03-31T23:12:36.522-0500][1.188s] GC(4) Concurrent Mark From Roots 2.714ms
[2024-03-31T23:12:36.522-0500][1.188s] GC(4) Concurrent Preclean
[2024-03-31T23:12:36.522-0500][1.188s] GC(4) Concurrent Preclean 0.018ms
[2024-03-31T23:12:36.522-0500][1.188s] GC(4) Pause Remark
[2024-03-31T23:12:36.523-0500][1.189s] GC(4) Pause Remark 27M->27M(512M) 1.093ms
[2024-03-31T23:12:36.523-0500][1.189s] GC(4) User=0.00s Sys=0.00s Real=0.00s
[2024-03-31T23:12:36.523-0500][1.189s] GC(4) Concurrent Mark 3.949ms
[2024-03-31T23:12:36.523-0500][1.189s] GC(4) Concurrent Rebuild Remembered Sets and Scrub Regions
[2024-03-31T23:12:36.525-0500][1.190s] GC(4) Concurrent Rebuild Remembered Sets and Scrub Regions 1.568ms
[2024-03-31T23:12:36.525-0500][1.190s] GC(4) Pause Cleanup
[2024-03-31T23:12:36.525-0500][1.191s] GC(4) Pause Cleanup 27M->27M(512M) 0.051ms
[2024-03-31T23:12:36.525-0500][1.191s] GC(4) User=0.00s Sys=0.00s Real=0.00s
[2024-03-31T23:12:36.525-0500][1.191s] GC(4) Concurrent Clear Claimed Marks
[2024-03-31T23:12:36.525-0500][1.191s] GC(4) Concurrent Clear Claimed Marks 0.016ms
[2024-03-31T23:12:36.525-0500][1.191s] GC(4) Concurrent Cleanup for Next Mark
[2024-03-31T23:12:36.526-0500][1.191s] GC(4) Concurrent Cleanup for Next Mark 0.428ms
[2024-03-31T23:12:36.526-0500][1.191s] GC(4) Concurrent Mark Cycle 8.002ms
[2024-03-31T23:12:37.189-0500][1.854s] GC(5) Pause Young (Prepare Mixed) (Metadata GC Threshold)
[2024-03-31T23:12:37.189-0500][1.855s] GC(5) Using 8 workers of 8 for evacuation
[2024-03-31T23:12:37.194-0500][1.859s] GC(5)   Pre Evacuate Collection Set: 0.11ms
[2024-03-31T23:12:37.194-0500][1.859s] GC(5)   Merge Heap Roots: 0.06ms
[2024-03-31T23:12:37.194-0500][1.859s] GC(5)   Evacuate Collection Set: 3.99ms
[2024-03-31T23:12:37.194-0500][1.859s] GC(5)   Post Evacuate Collection Set: 0.40ms
[2024-03-31T23:12:37.194-0500][1.859s] GC(5)   Other: 0.05ms
[2024-03-31T23:12:37.194-0500][1.859s] GC(5) Eden regions: 131->0(287)
[2024-03-31T23:12:37.194-0500][1.859s] GC(5) Survivor regions: 15->20(39)
[2024-03-31T23:12:37.194-0500][1.859s] GC(5) Old regions: 8->8
[2024-03-31T23:12:37.194-0500][1.859s] GC(5) Humongous regions: 4->4
[2024-03-31T23:12:37.194-0500][1.859s] GC(5) Metaspace: 35501K(35968K)->35501K(35968K) NonClass: 31216K(31424K)->31216K(31424K) Class: 4284K(4544K)->4284K(4544K)
[2024-03-31T23:12:37.194-0500][1.859s] GC(5) Pause Young (Prepare Mixed) (Metadata GC Threshold) 155M->29M(512M) 4.760ms
[2024-03-31T23:12:37.194-0500][1.859s] GC(5) User=0.03s Sys=0.00s Real=0.01s
[2024-03-31T23:12:37.210-0500][1.875s] GC(6) Pause Young (Mixed) (Metadata GC Threshold)
[2024-03-31T23:12:37.210-0500][1.875s] GC(6) Using 8 workers of 8 for evacuation
[2024-03-31T23:12:37.213-0500][1.879s] GC(6)   Pre Evacuate Collection Set: 0.10ms
[2024-03-31T23:12:37.213-0500][1.879s] GC(6)   Merge Heap Roots: 0.02ms
[2024-03-31T23:12:37.213-0500][1.879s] GC(6)   Evacuate Collection Set: 3.43ms
[2024-03-31T23:12:37.213-0500][1.879s] GC(6)   Post Evacuate Collection Set: 0.29ms
[2024-03-31T23:12:37.213-0500][1.879s] GC(6)   Other: 0.05ms
[2024-03-31T23:12:37.213-0500][1.879s] GC(6) Eden regions: 4->0(287)
[2024-03-31T23:12:37.213-0500][1.879s] GC(6) Survivor regions: 20->20(39)
[2024-03-31T23:12:37.213-0500][1.879s] GC(6) Old regions: 8->7
[2024-03-31T23:12:37.213-0500][1.879s] GC(6) Humongous regions: 4->4
[2024-03-31T23:12:37.214-0500][1.879s] GC(6) Metaspace: 35828K(36288K)->35828K(36288K) NonClass: 31491K(31744K)->31491K(31744K) Class: 4336K(4544K)->4336K(4544K)
[2024-03-31T23:12:37.214-0500][1.879s] GC(6) Pause Young (Mixed) (Metadata GC Threshold) 33M->30M(512M) 4.017ms
[2024-03-31T23:12:37.214-0500][1.879s] GC(6) User=0.02s Sys=0.00s Real=0.00s
[2024-03-31T23:12:37.239-0500][1.905s] GC(7) Pause Young (Concurrent Start) (Metadata GC Threshold)
[2024-03-31T23:12:37.239-0500][1.905s] GC(7) Using 8 workers of 8 for evacuation
[2024-03-31T23:12:37.244-0500][1.909s] GC(7)   Pre Evacuate Collection Set: 0.12ms
[2024-03-31T23:12:37.244-0500][1.909s] GC(7)   Merge Heap Roots: 0.03ms
[2024-03-31T23:12:37.244-0500][1.909s] GC(7)   Evacuate Collection Set: 3.91ms
[2024-03-31T23:12:37.244-0500][1.909s] GC(7)   Post Evacuate Collection Set: 0.36ms
[2024-03-31T23:12:37.244-0500][1.909s] GC(7)   Other: 0.05ms
[2024-03-31T23:12:37.244-0500][1.909s] GC(7) Eden regions: 6->0(286)
[2024-03-31T23:12:37.244-0500][1.909s] GC(7) Survivor regions: 20->21(39)
[2024-03-31T23:12:37.244-0500][1.909s] GC(7) Old regions: 7->7
[2024-03-31T23:12:37.244-0500][1.909s] GC(7) Humongous regions: 4->4
[2024-03-31T23:12:37.244-0500][1.909s] GC(7) Metaspace: 36144K(36608K)->36144K(36608K) NonClass: 31763K(32000K)->31763K(32000K) Class: 4381K(4608K)->4381K(4608K)
[2024-03-31T23:12:37.244-0500][1.909s] GC(7) Pause Young (Concurrent Start) (Metadata GC Threshold) 35M->30M(512M) 4.605ms
[2024-03-31T23:12:37.244-0500][1.909s] GC(8) Concurrent Mark Cycle
[2024-03-31T23:12:37.244-0500][1.909s] GC(7) User=0.03s Sys=0.01s Real=0.01s
[2024-03-31T23:12:37.244-0500][1.909s] GC(8) Concurrent Scan Root Regions
[2024-03-31T23:12:37.247-0500][1.912s] GC(8) Concurrent Scan Root Regions 2.756ms
[2024-03-31T23:12:37.247-0500][1.912s] GC(8) Concurrent Mark
[2024-03-31T23:12:37.247-0500][1.912s] GC(8) Concurrent Mark From Roots
[2024-03-31T23:12:37.247-0500][1.912s] GC(8) Using 2 workers of 2 for marking
[2024-03-31T23:12:37.250-0500][1.915s] GC(8) Concurrent Mark From Roots 3.109ms
[2024-03-31T23:12:37.250-0500][1.915s] GC(8) Concurrent Preclean
[2024-03-31T23:12:37.250-0500][1.915s] GC(8) Concurrent Preclean 0.009ms
[2024-03-31T23:12:37.250-0500][1.915s] GC(8) Pause Remark
[2024-03-31T23:12:37.252-0500][1.917s] GC(8) Pause Remark 31M->31M(512M) 1.487ms
[2024-03-31T23:12:37.252-0500][1.917s] GC(8) User=0.01s Sys=0.00s Real=0.00s
[2024-03-31T23:12:37.252-0500][1.917s] GC(8) Concurrent Mark 4.800ms
[2024-03-31T23:12:37.252-0500][1.917s] GC(8) Concurrent Rebuild Remembered Sets and Scrub Regions
[2024-03-31T23:12:37.254-0500][1.919s] GC(8) Concurrent Rebuild Remembered Sets and Scrub Regions 2.057ms
[2024-03-31T23:12:37.254-0500][1.919s] GC(8) Pause Cleanup
[2024-03-31T23:12:37.254-0500][1.919s] GC(8) Pause Cleanup 32M->32M(512M) 0.059ms
[2024-03-31T23:12:37.254-0500][1.919s] GC(8) User=0.00s Sys=0.00s Real=0.00s
[2024-03-31T23:12:37.254-0500][1.919s] GC(8) Concurrent Clear Claimed Marks
[2024-03-31T23:12:37.254-0500][1.919s] GC(8) Concurrent Clear Claimed Marks 0.078ms
[2024-03-31T23:12:37.254-0500][1.919s] GC(8) Concurrent Cleanup for Next Mark
[2024-03-31T23:12:37.254-0500][1.920s] GC(8) Concurrent Cleanup for Next Mark 0.254ms
[2024-03-31T23:12:37.254-0500][1.920s] GC(8) Concurrent Mark Cycle 10.185ms
[2024-04-01T00:58:05.200-0500][5116.574s] Heap
[2024-04-01T00:58:05.202-0500][5116.576s]  garbage-first heap   total reserved 524288K, committed 524288K, used 271942K [0x00000007e0000000, 0x0000000800000000)
[2024-04-01T00:58:05.203-0500][5116.577s]   region size 1024K, 252 young (258048K), 21 survivors (21504K)
[2024-04-01T00:58:05.204-0500][5116.578s]  Metaspace       used 54310K, committed 54976K, reserved 1114112K
[2024-04-01T00:58:05.204-0500][5116.578s]   class space    used 6887K, committed 7168K, reserved 1048576K
