[2024-04-01T22:52:52.637-0500][0.004s] CardTable entry size: 512
[2024-04-01T22:52:52.638-0500][0.004s] Using G1
[2024-04-01T22:52:52.843-0500][0.210s] Version: 22+36-2370 (release)
[2024-04-01T22:52:52.843-0500][0.210s] CPUs: 8 total, 8 available
[2024-04-01T22:52:52.843-0500][0.210s] Memory: 16384M
[2024-04-01T22:52:52.843-0500][0.210s] Large Page Support: Disabled
[2024-04-01T22:52:52.843-0500][0.210s] NUMA Support: Disabled
[2024-04-01T22:52:52.843-0500][0.210s] Compressed Oops: Enabled (Zero based)
[2024-04-01T22:52:52.843-0500][0.210s] Heap Region Size: 1M
[2024-04-01T22:52:52.843-0500][0.210s] Heap Min Capacity: 512M
[2024-04-01T22:52:52.843-0500][0.210s] Heap Initial Capacity: 512M
[2024-04-01T22:52:52.843-0500][0.210s] Heap Max Capacity: 512M
[2024-04-01T22:52:52.843-0500][0.210s] Pre-touch: Enabled
[2024-04-01T22:52:52.843-0500][0.210s] Parallel Workers: 8
[2024-04-01T22:52:52.843-0500][0.210s] Concurrent Workers: 2
[2024-04-01T22:52:52.843-0500][0.210s] Concurrent Refinement Workers: 8
[2024-04-01T22:52:52.843-0500][0.210s] Periodic GC: Disabled
[2024-04-01T22:52:52.862-0500][0.229s] CDS archive(s) mapped at: [0x000003fe00000000-0x000003fe00c70000-0x000003fe00c70000), size 13041664, SharedBaseAddress: 0x000003fe00000000, ArchiveRelocationMode: 1.
[2024-04-01T22:52:52.862-0500][0.229s] Compressed class space mapped at: 0x000003fe01000000-0x000003fe41000000, reserved size: 1073741824
[2024-04-01T22:52:52.862-0500][0.229s] Narrow klass base: 0x000003fe00000000, Narrow klass shift: 0, Narrow klass range: 0x100000000
[2024-04-01T22:52:53.987-0500][1.354s] GC(0) Pause Young (Normal) (G1 Evacuation Pause)
[2024-04-01T22:52:53.987-0500][1.354s] GC(0) Using 8 workers of 8 for evacuation
[2024-04-01T22:52:53.989-0500][1.356s] GC(0)   Pre Evacuate Collection Set: 0.09ms
[2024-04-01T22:52:53.989-0500][1.356s] GC(0)   Merge Heap Roots: 0.04ms
[2024-04-01T22:52:53.989-0500][1.356s] GC(0)   Evacuate Collection Set: 0.96ms
[2024-04-01T22:52:53.989-0500][1.356s] GC(0)   Post Evacuate Collection Set: 0.16ms
[2024-04-01T22:52:53.989-0500][1.356s] GC(0)   Other: 0.22ms
[2024-04-01T22:52:53.989-0500][1.356s] GC(0) Eden regions: 30->0(69)
[2024-04-01T22:52:53.989-0500][1.356s] GC(0) Survivor regions: 0->3(4)
[2024-04-01T22:52:53.989-0500][1.356s] GC(0) Old regions: 2->2
[2024-04-01T22:52:53.989-0500][1.356s] GC(0) Humongous regions: 0->0
[2024-04-01T22:52:53.989-0500][1.356s] GC(0) Metaspace: 7176K(7360K)->7176K(7360K) NonClass: 6324K(6400K)->6324K(6400K) Class: 851K(960K)->851K(960K)
[2024-04-01T22:52:53.989-0500][1.356s] GC(0) Pause Young (Normal) (G1 Evacuation Pause) 31M->3M(512M) 1.711ms
[2024-04-01T22:52:53.989-0500][1.356s] GC(0) User=0.01s Sys=0.00s Real=0.00s
[2024-04-01T22:52:54.608-0500][1.975s] GC(1) Pause Young (Normal) (G1 Evacuation Pause)
[2024-04-01T22:52:54.608-0500][1.975s] GC(1) Using 8 workers of 8 for evacuation
[2024-04-01T22:52:54.613-0500][1.980s] GC(1)   Pre Evacuate Collection Set: 0.10ms
[2024-04-01T22:52:54.613-0500][1.981s] GC(1)   Merge Heap Roots: 0.04ms
[2024-04-01T22:52:54.613-0500][1.981s] GC(1)   Evacuate Collection Set: 4.55ms
[2024-04-01T22:52:54.613-0500][1.981s] GC(1)   Post Evacuate Collection Set: 0.31ms
[2024-04-01T22:52:54.614-0500][1.981s] GC(1)   Other: 0.06ms
[2024-04-01T22:52:54.614-0500][1.981s] GC(1) Eden regions: 69->0(125)
[2024-04-01T22:52:54.614-0500][1.981s] GC(1) Survivor regions: 3->9(9)
[2024-04-01T22:52:54.614-0500][1.981s] GC(1) Old regions: 2->7
[2024-04-01T22:52:54.614-0500][1.981s] GC(1) Humongous regions: 4->4
[2024-04-01T22:52:54.614-0500][1.981s] GC(1) Metaspace: 19151K(19520K)->19151K(19520K) NonClass: 16869K(17088K)->16869K(17088K) Class: 2282K(2432K)->2282K(2432K)
[2024-04-01T22:52:54.614-0500][1.981s] GC(1) Pause Young (Normal) (G1 Evacuation Pause) 76M->19M(512M) 5.202ms
[2024-04-01T22:52:54.614-0500][1.981s] GC(1) User=0.03s Sys=0.00s Real=0.01s
[2024-04-01T22:52:54.792-0500][2.159s] GC(2) Pause Young (Normal) (G1 Evacuation Pause)
[2024-04-01T22:52:54.792-0500][2.159s] GC(2) Using 8 workers of 8 for evacuation
[2024-04-01T22:52:54.795-0500][2.162s] GC(2)   Pre Evacuate Collection Set: 0.11ms
[2024-04-01T22:52:54.795-0500][2.162s] GC(2)   Merge Heap Roots: 0.04ms
[2024-04-01T22:52:54.795-0500][2.162s] GC(2)   Evacuate Collection Set: 2.38ms
[2024-04-01T22:52:54.795-0500][2.162s] GC(2)   Post Evacuate Collection Set: 0.28ms
[2024-04-01T22:52:54.795-0500][2.162s] GC(2)   Other: 0.07ms
[2024-04-01T22:52:54.795-0500][2.162s] GC(2) Eden regions: 118->0(295)
[2024-04-01T22:52:54.795-0500][2.162s] GC(2) Survivor regions: 9->12(16)
[2024-04-01T22:52:54.795-0500][2.162s] GC(2) Old regions: 7->10
[2024-04-01T22:52:54.795-0500][2.162s] GC(2) Humongous regions: 4->4
[2024-04-01T22:52:54.795-0500][2.162s] GC(2) Metaspace: 19290K(19712K)->19290K(19712K) NonClass: 17005K(17216K)->17005K(17216K) Class: 2285K(2496K)->2285K(2496K)
[2024-04-01T22:52:54.795-0500][2.162s] GC(2) Pause Young (Normal) (G1 Evacuation Pause) 137M->24M(512M) 3.047ms
[2024-04-01T22:52:54.795-0500][2.162s] GC(2) User=0.02s Sys=0.00s Real=0.00s
[2024-04-01T22:52:54.959-0500][2.326s] GC(3) Pause Young (Concurrent Start) (Metadata GC Threshold)
[2024-04-01T22:52:54.959-0500][2.326s] GC(3) Using 8 workers of 8 for evacuation
[2024-04-01T22:52:54.962-0500][2.329s] GC(3)   Pre Evacuate Collection Set: 0.16ms
[2024-04-01T22:52:54.962-0500][2.329s] GC(3)   Merge Heap Roots: 0.07ms
[2024-04-01T22:52:54.962-0500][2.329s] GC(3)   Evacuate Collection Set: 2.66ms
[2024-04-01T22:52:54.962-0500][2.329s] GC(3)   Post Evacuate Collection Set: 0.27ms
[2024-04-01T22:52:54.962-0500][2.329s] GC(3)   Other: 0.08ms
[2024-04-01T22:52:54.962-0500][2.329s] GC(3) Eden regions: 60->0(294)
[2024-04-01T22:52:54.962-0500][2.329s] GC(3) Survivor regions: 12->13(39)
[2024-04-01T22:52:54.962-0500][2.329s] GC(3) Old regions: 10->10
[2024-04-01T22:52:54.962-0500][2.329s] GC(3) Humongous regions: 4->4
[2024-04-01T22:52:54.962-0500][2.329s] GC(3) Metaspace: 21031K(21504K)->21031K(21504K) NonClass: 18529K(18752K)->18529K(18752K) Class: 2502K(2752K)->2502K(2752K)
[2024-04-01T22:52:54.962-0500][2.329s] GC(3) Pause Young (Concurrent Start) (Metadata GC Threshold) 83M->25M(512M) 3.387ms
[2024-04-01T22:52:54.962-0500][2.329s] GC(4) Concurrent Mark Cycle
[2024-04-01T22:52:54.962-0500][2.329s] GC(3) User=0.01s Sys=0.00s Real=0.01s
[2024-04-01T22:52:54.962-0500][2.329s] GC(4) Concurrent Scan Root Regions
[2024-04-01T22:52:54.964-0500][2.331s] GC(4) Concurrent Scan Root Regions 2.264ms
[2024-04-01T22:52:54.964-0500][2.332s] GC(4) Concurrent Mark
[2024-04-01T22:52:54.965-0500][2.332s] GC(4) Concurrent Mark From Roots
[2024-04-01T22:52:54.965-0500][2.332s] GC(4) Using 2 workers of 2 for marking
[2024-04-01T22:52:54.970-0500][2.337s] GC(4) Concurrent Mark From Roots 5.549ms
[2024-04-01T22:52:54.970-0500][2.337s] GC(4) Concurrent Preclean
[2024-04-01T22:52:54.970-0500][2.337s] GC(4) Concurrent Preclean 0.025ms
[2024-04-01T22:52:54.970-0500][2.337s] GC(4) Pause Remark
[2024-04-01T22:52:54.972-0500][2.339s] GC(4) Pause Remark 26M->26M(512M) 1.427ms
[2024-04-01T22:52:54.972-0500][2.339s] GC(4) User=0.00s Sys=0.00s Real=0.00s
[2024-04-01T22:52:54.972-0500][2.339s] GC(4) Concurrent Mark 7.199ms
[2024-04-01T22:52:54.972-0500][2.339s] GC(4) Concurrent Rebuild Remembered Sets and Scrub Regions
[2024-04-01T22:52:54.974-0500][2.341s] GC(4) Concurrent Rebuild Remembered Sets and Scrub Regions 2.241ms
[2024-04-01T22:52:54.974-0500][2.341s] GC(4) Pause Cleanup
[2024-04-01T22:52:54.974-0500][2.341s] GC(4) Pause Cleanup 27M->27M(512M) 0.053ms
[2024-04-01T22:52:54.974-0500][2.341s] GC(4) User=0.00s Sys=0.00s Real=0.00s
[2024-04-01T22:52:54.974-0500][2.341s] GC(4) Concurrent Clear Claimed Marks
[2024-04-01T22:52:54.974-0500][2.341s] GC(4) Concurrent Clear Claimed Marks 0.032ms
[2024-04-01T22:52:54.974-0500][2.341s] GC(4) Concurrent Cleanup for Next Mark
[2024-04-01T22:52:54.975-0500][2.342s] GC(4) Concurrent Cleanup for Next Mark 0.623ms
[2024-04-01T22:52:54.975-0500][2.342s] GC(4) Concurrent Mark Cycle 12.641ms
[2024-04-01T22:52:55.731-0500][3.098s] GC(5) Pause Young (Prepare Mixed) (Metadata GC Threshold)
[2024-04-01T22:52:55.731-0500][3.098s] GC(5) Using 8 workers of 8 for evacuation
[2024-04-01T22:52:55.735-0500][3.102s] GC(5)   Pre Evacuate Collection Set: 0.13ms
[2024-04-01T22:52:55.735-0500][3.102s] GC(5)   Merge Heap Roots: 0.07ms
[2024-04-01T22:52:55.735-0500][3.102s] GC(5)   Evacuate Collection Set: 3.45ms
[2024-04-01T22:52:55.735-0500][3.102s] GC(5)   Post Evacuate Collection Set: 0.31ms
[2024-04-01T22:52:55.735-0500][3.102s] GC(5)   Other: 0.05ms
[2024-04-01T22:52:55.735-0500][3.102s] GC(5) Eden regions: 120->0(289)
[2024-04-01T22:52:55.735-0500][3.102s] GC(5) Survivor regions: 13->18(39)
[2024-04-01T22:52:55.735-0500][3.102s] GC(5) Old regions: 10->10
[2024-04-01T22:52:55.735-0500][3.102s] GC(5) Humongous regions: 4->4
[2024-04-01T22:52:55.735-0500][3.102s] GC(5) Metaspace: 35456K(35968K)->35456K(35968K) NonClass: 31172K(31424K)->31172K(31424K) Class: 4284K(4544K)->4284K(4544K)
[2024-04-01T22:52:55.735-0500][3.102s] GC(5) Pause Young (Prepare Mixed) (Metadata GC Threshold) 145M->29M(512M) 4.175ms
[2024-04-01T22:52:55.735-0500][3.102s] GC(5) User=0.03s Sys=0.00s Real=0.00s
[2024-04-01T22:52:55.764-0500][3.131s] GC(6) Pause Young (Mixed) (Metadata GC Threshold)
[2024-04-01T22:52:55.764-0500][3.131s] GC(6) Using 8 workers of 8 for evacuation
[2024-04-01T22:52:55.767-0500][3.134s] GC(6)   Pre Evacuate Collection Set: 0.10ms
[2024-04-01T22:52:55.767-0500][3.134s] GC(6)   Merge Heap Roots: 0.05ms
[2024-04-01T22:52:55.767-0500][3.134s] GC(6)   Evacuate Collection Set: 2.99ms
[2024-04-01T22:52:55.767-0500][3.134s] GC(6)   Post Evacuate Collection Set: 0.37ms
[2024-04-01T22:52:55.767-0500][3.134s] GC(6)   Other: 0.06ms
[2024-04-01T22:52:55.767-0500][3.134s] GC(6) Eden regions: 4->0(288)
[2024-04-01T22:52:55.767-0500][3.134s] GC(6) Survivor regions: 18->19(39)
[2024-04-01T22:52:55.767-0500][3.134s] GC(6) Old regions: 10->9
[2024-04-01T22:52:55.767-0500][3.134s] GC(6) Humongous regions: 4->4
[2024-04-01T22:52:55.767-0500][3.134s] GC(6) Metaspace: 35822K(36288K)->35822K(36288K) NonClass: 31479K(31744K)->31479K(31744K) Class: 4342K(4544K)->4342K(4544K)
[2024-04-01T22:52:55.767-0500][3.134s] GC(6) Pause Young (Mixed) (Metadata GC Threshold) 33M->30M(512M) 3.703ms
[2024-04-01T22:52:55.767-0500][3.134s] GC(6) User=0.02s Sys=0.00s Real=0.00s
[2024-04-01T22:52:55.795-0500][3.162s] GC(7) Pause Young (Concurrent Start) (Metadata GC Threshold)
[2024-04-01T22:52:55.795-0500][3.163s] GC(7) Using 8 workers of 8 for evacuation
[2024-04-01T22:52:55.799-0500][3.166s] GC(7)   Pre Evacuate Collection Set: 0.11ms
[2024-04-01T22:52:55.799-0500][3.166s] GC(7)   Merge Heap Roots: 0.05ms
[2024-04-01T22:52:55.799-0500][3.166s] GC(7)   Evacuate Collection Set: 3.08ms
[2024-04-01T22:52:55.799-0500][3.166s] GC(7)   Post Evacuate Collection Set: 0.34ms
[2024-04-01T22:52:55.799-0500][3.166s] GC(7)   Other: 0.07ms
[2024-04-01T22:52:55.799-0500][3.166s] GC(7) Eden regions: 6->0(289)
[2024-04-01T22:52:55.799-0500][3.166s] GC(7) Survivor regions: 19->18(39)
[2024-04-01T22:52:55.799-0500][3.166s] GC(7) Old regions: 9->9
[2024-04-01T22:52:55.799-0500][3.166s] GC(7) Humongous regions: 4->4
[2024-04-01T22:52:55.799-0500][3.166s] GC(7) Metaspace: 36158K(36608K)->36158K(36608K) NonClass: 31768K(32000K)->31768K(32000K) Class: 4389K(4608K)->4389K(4608K)
[2024-04-01T22:52:55.799-0500][3.166s] GC(7) Pause Young (Concurrent Start) (Metadata GC Threshold) 36M->30M(512M) 3.795ms
[2024-04-01T22:52:55.799-0500][3.166s] GC(7) User=0.02s Sys=0.00s Real=0.00s
[2024-04-01T22:52:55.799-0500][3.166s] GC(8) Concurrent Mark Cycle
[2024-04-01T22:52:55.799-0500][3.166s] GC(8) Concurrent Scan Root Regions
[2024-04-01T22:52:55.802-0500][3.169s] GC(8) Concurrent Scan Root Regions 2.851ms
[2024-04-01T22:52:55.802-0500][3.169s] GC(8) Concurrent Mark
[2024-04-01T22:52:55.802-0500][3.169s] GC(8) Concurrent Mark From Roots
[2024-04-01T22:52:55.802-0500][3.169s] GC(8) Using 2 workers of 2 for marking
[2024-04-01T22:52:55.806-0500][3.173s] GC(8) Concurrent Mark From Roots 3.325ms
[2024-04-01T22:52:55.806-0500][3.173s] GC(8) Concurrent Preclean
[2024-04-01T22:52:55.806-0500][3.173s] GC(8) Concurrent Preclean 0.012ms
[2024-04-01T22:52:55.806-0500][3.173s] GC(8) Pause Remark
[2024-04-01T22:52:55.807-0500][3.174s] GC(8) Pause Remark 32M->32M(512M) 1.552ms
[2024-04-01T22:52:55.807-0500][3.174s] GC(8) User=0.01s Sys=0.00s Real=0.00s
[2024-04-01T22:52:55.807-0500][3.174s] GC(8) Concurrent Mark 5.035ms
[2024-04-01T22:52:55.807-0500][3.174s] GC(8) Concurrent Rebuild Remembered Sets and Scrub Regions
[2024-04-01T22:52:55.809-0500][3.176s] GC(8) Concurrent Rebuild Remembered Sets and Scrub Regions 1.757ms
[2024-04-01T22:52:55.809-0500][3.176s] GC(8) Pause Cleanup
[2024-04-01T22:52:55.809-0500][3.176s] GC(8) Pause Cleanup 32M->32M(512M) 0.066ms
[2024-04-01T22:52:55.809-0500][3.176s] GC(8) User=0.00s Sys=0.00s Real=0.00s
[2024-04-01T22:52:55.809-0500][3.176s] GC(8) Concurrent Clear Claimed Marks
[2024-04-01T22:52:55.809-0500][3.176s] GC(8) Concurrent Clear Claimed Marks 0.022ms
[2024-04-01T22:52:55.809-0500][3.176s] GC(8) Concurrent Cleanup for Next Mark
[2024-04-01T22:52:55.809-0500][3.176s] GC(8) Concurrent Cleanup for Next Mark 0.244ms
[2024-04-01T22:52:55.809-0500][3.176s] GC(8) Concurrent Mark Cycle 10.132ms
[2024-04-09T12:22:28.796-0500][181896.994s] Heap
[2024-04-09T12:22:28.799-0500][181896.997s]  garbage-first heap   total reserved 524288K, committed 524288K, used 255778K [0x00000007e0000000, 0x0000000800000000)
[2024-04-09T12:22:28.800-0500][181896.998s]   region size 1024K, 237 young (242688K), 18 survivors (18432K)
[2024-04-09T12:22:28.801-0500][181896.999s]  Metaspace       used 54265K, committed 54912K, reserved 1114112K
[2024-04-09T12:22:28.802-0500][181896.999s]   class space    used 6888K, committed 7168K, reserved 1048576K
